Component: ARM Compiler 5.06 update 1 (build 61) Tool: armlink [4d35a8]

==============================================================================

Section Cross References

    startup_stm32f103xb.o(STACK) refers (Special) to heapauxi.o(.text) for __use_two_region_memory
    startup_stm32f103xb.o(HEAP) refers (Special) to heapauxi.o(.text) for __use_two_region_memory
    startup_stm32f103xb.o(RESET) refers (Special) to heapauxi.o(.text) for __use_two_region_memory
    startup_stm32f103xb.o(RESET) refers to startup_stm32f103xb.o(STACK) for __initial_sp
    startup_stm32f103xb.o(RESET) refers to startup_stm32f103xb.o(.text) for Reset_Handler
    startup_stm32f103xb.o(RESET) refers to stm32f1xx_it.o(i.NMI_Handler) for NMI_Handler
    startup_stm32f103xb.o(RESET) refers to stm32f1xx_it.o(i.HardFault_Handler) for HardFault_Handler
    startup_stm32f103xb.o(RESET) refers to stm32f1xx_it.o(i.MemManage_Handler) for MemManage_Handler
    startup_stm32f103xb.o(RESET) refers to stm32f1xx_it.o(i.BusFault_Handler) for BusFault_Handler
    startup_stm32f103xb.o(RESET) refers to stm32f1xx_it.o(i.UsageFault_Handler) for UsageFault_Handler
    startup_stm32f103xb.o(RESET) refers to stm32f1xx_it.o(i.SVC_Handler) for SVC_Handler
    startup_stm32f103xb.o(RESET) refers to stm32f1xx_it.o(i.DebugMon_Handler) for DebugMon_Handler
    startup_stm32f103xb.o(RESET) refers to stm32f1xx_it.o(i.PendSV_Handler) for PendSV_Handler
    startup_stm32f103xb.o(RESET) refers to stm32f1xx_it.o(i.SysTick_Handler) for SysTick_Handler
    startup_stm32f103xb.o(RESET) refers to stm32f1xx_it.o(i.ADC1_2_IRQHandler) for ADC1_2_IRQHandler
    startup_stm32f103xb.o(RESET) refers to stm32f1xx_it.o(i.TIM2_IRQHandler) for TIM2_IRQHandler
    startup_stm32f103xb.o(RESET) refers to stm32f1xx_it.o(i.TIM3_IRQHandler) for TIM3_IRQHandler
    startup_stm32f103xb.o(RESET) refers to stm32f1xx_it.o(i.TIM4_IRQHandler) for TIM4_IRQHandler
    startup_stm32f103xb.o(RESET) refers to stm32f1xx_it.o(i.USART2_IRQHandler) for USART2_IRQHandler
    startup_stm32f103xb.o(RESET) refers to stm32f1xx_it.o(i.EXTI15_10_IRQHandler) for EXTI15_10_IRQHandler
    startup_stm32f103xb.o(.text) refers (Special) to heapauxi.o(.text) for __use_two_region_memory
    startup_stm32f103xb.o(.text) refers to system_stm32f1xx.o(i.SystemInit) for SystemInit
    startup_stm32f103xb.o(.text) refers to __main.o(!!!main) for __main
    startup_stm32f103xb.o(.text) refers to startup_stm32f103xb.o(HEAP) for Heap_Mem
    startup_stm32f103xb.o(.text) refers to startup_stm32f103xb.o(STACK) for Stack_Mem
    lcd_i2c.o(i.LCD_I2C_Clear) refers to lcd_i2c.o(i.LCD_I2C_Write_CMD) for LCD_I2C_Write_CMD
    lcd_i2c.o(i.LCD_I2C_Clear) refers to stm32f1xx_hal.o(i.HAL_Delay) for HAL_Delay
    lcd_i2c.o(i.LCD_I2C_Init) refers to lcd_i2c.o(i.LCD_I2C_Write_CMD) for LCD_I2C_Write_CMD
    lcd_i2c.o(i.LCD_I2C_Init) refers to stm32f1xx_hal.o(i.HAL_Delay) for HAL_Delay
    lcd_i2c.o(i.LCD_I2C_Set_Cursor) refers to lcd_i2c.o(i.LCD_I2C_Write_CMD) for LCD_I2C_Write_CMD
    lcd_i2c.o(i.LCD_I2C_WRITE_DATA) refers to stm32f1xx_hal_i2c.o(i.HAL_I2C_Master_Transmit) for HAL_I2C_Master_Transmit
    lcd_i2c.o(i.LCD_I2C_WRITE_DATA) refers to main.o(.bss) for hi2c1
    lcd_i2c.o(i.LCD_I2C_WRITE_NUMBER) refers to _printf_percent.o(.ARM.Collect$$_printf_percent$$00000000) for _printf_percent
    lcd_i2c.o(i.LCD_I2C_WRITE_NUMBER) refers to _printf_d.o(.ARM.Collect$$_printf_percent$$00000009) for _printf_d
    lcd_i2c.o(i.LCD_I2C_WRITE_NUMBER) refers to _printf_dec.o(.text) for _printf_int_dec
    lcd_i2c.o(i.LCD_I2C_WRITE_NUMBER) refers to noretval__2sprintf.o(.text) for __2sprintf
    lcd_i2c.o(i.LCD_I2C_WRITE_NUMBER) refers to lcd_i2c.o(i.LCD_I2C_Write_String) for LCD_I2C_Write_String
    lcd_i2c.o(i.LCD_I2C_WRITE_Num_f) refers to _printf_pad.o(.text) for _printf_pre_padding
    lcd_i2c.o(i.LCD_I2C_WRITE_Num_f) refers to _printf_percent.o(.ARM.Collect$$_printf_percent$$00000000) for _printf_percent
    lcd_i2c.o(i.LCD_I2C_WRITE_Num_f) refers to _printf_f.o(.ARM.Collect$$_printf_percent$$00000003) for _printf_f
    lcd_i2c.o(i.LCD_I2C_WRITE_Num_f) refers to printf1.o(x$fpl$printf1) for _printf_fp_dec
    lcd_i2c.o(i.LCD_I2C_WRITE_Num_f) refers to noretval__2sprintf.o(.text) for __2sprintf
    lcd_i2c.o(i.LCD_I2C_WRITE_Num_f) refers to lcd_i2c.o(i.LCD_I2C_Write_String) for LCD_I2C_Write_String
    lcd_i2c.o(i.LCD_I2C_Write_CMD) refers to stm32f1xx_hal_i2c.o(i.HAL_I2C_Master_Transmit) for HAL_I2C_Master_Transmit
    lcd_i2c.o(i.LCD_I2C_Write_CMD) refers to main.o(.bss) for hi2c1
    lcd_i2c.o(i.LCD_I2C_Write_String) refers to lcd_i2c.o(i.LCD_I2C_WRITE_DATA) for LCD_I2C_WRITE_DATA
    lcd_i2c.o(i.LCD_I2C_Write_String) refers to strlen.o(.text) for strlen
    temp.o(i.temp_convert) refers to dflt_clz.o(x$fpl$dfltu) for __aeabi_ui2d
    temp.o(i.temp_convert) refers to dmul.o(x$fpl$dmul) for __aeabi_dmul
    temp.o(i.temp_convert) refers to ddiv.o(x$fpl$ddiv) for __aeabi_ddiv
[...]
    .ARM.Collect$$libinit$$0000002E          0x0800018e   Section        0  libinit2.o(.ARM.Collect$$libinit$$0000002E)
    .ARM.Collect$$libinit$$00000030          0x0800018e   Section        0  libinit2.o(.ARM.Collect$$libinit$$00000030)
    .ARM.Collect$$libinit$$00000032          0x0800018e   Section        0  libinit2.o(.ARM.Collect$$libinit$$00000032)
    .ARM.Collect$$libinit$$00000033          0x0800018e   Section        2  libinit2.o(.ARM.Collect$$libinit$$00000033)
    .ARM.Collect$$libshutdown$$00000000      0x08000190   Section        2  libshutdown.o(.ARM.Collect$$libshutdown$$00000000)
    .ARM.Collect$$libshutdown$$00000002      0x08000192   Section        0  libshutdown2.o(.ARM.Collect$$libshutdown$$00000002)
    .ARM.Collect$$libshutdown$$00000004      0x08000192   Section        0  libshutdown2.o(.ARM.Collect$$libshutdown$$00000004)
    .ARM.Collect$$libshutdown$$00000007      0x08000192   Section        0  libshutdown2.o(.ARM.Collect$$libshutdown$$00000007)
    .ARM.Collect$$libshutdown$$0000000A      0x08000192   Section        0  libshutdown2.o(.ARM.Collect$$libshutdown$$0000000A)
    .ARM.Collect$$libshutdown$$0000000C      0x08000192   Section        0  libshutdown2.o(.ARM.Collect$$libshutdown$$0000000C)
    .ARM.Collect$$libshutdown$$0000000F      0x08000192   Section        0  libshutdown2.o(.ARM.Collect$$libshutdown$$0000000F)
    .ARM.Collect$$libshutdown$$00000010      0x08000192   Section        2  libshutdown2.o(.ARM.Collect$$libshutdown$$00000010)
    .ARM.Collect$$rtentry$$00000000          0x08000194   Section        0  __rtentry.o(.ARM.Collect$$rtentry$$00000000)
    .ARM.Collect$$rtentry$$00000002          0x08000194   Section        0  __rtentry2.o(.ARM.Collect$$rtentry$$00000002)
    .ARM.Collect$$rtentry$$00000004          0x08000194   Section        6  __rtentry4.o(.ARM.Collect$$rtentry$$00000004)
    .ARM.Collect$$rtentry$$00000009          0x0800019a   Section        0  __rtentry2.o(.ARM.Collect$$rtentry$$00000009)
    .ARM.Collect$$rtentry$$0000000A          0x0800019a   Section        4  __rtentry2.o(.ARM.Collect$$rtentry$$0000000A)
    .ARM.Collect$$rtentry$$0000000C          0x0800019e   Section        0  __rtentry2.o(.ARM.Collect$$rtentry$$0000000C)
    .ARM.Collect$$rtentry$$0000000D          0x0800019e   Section        8  __rtentry2.o(.ARM.Collect$$rtentry$$0000000D)
    .ARM.Collect$$rtexit$$00000000           0x080001a6   Section        2  rtexit.o(.ARM.Collect$$rtexit$$00000000)
    .ARM.Collect$$rtexit$$00000002           0x080001a8   Section        0  rtexit2.o(.ARM.Collect$$rtexit$$00000002)
    .ARM.Collect$$rtexit$$00000003           0x080001a8   Section        4  rtexit2.o(.ARM.Collect$$rtexit$$00000003)
    .ARM.Collect$$rtexit$$00000004           0x080001ac   Section        6  rtexit2.o(.ARM.Collect$$rtexit$$00000004)
    .text                                    0x080001b4   Section       64  startup_stm32f103xb.o(.text)
    .text                                    0x080001f4   Section        0  noretval__2sprintf.o(.text)
    .text                                    0x0800021c   Section        0  _printf_pad.o(.text)
    .text                                    0x0800026c   Section        0  _printf_dec.o(.text)
    .text                                    0x080002e4   Section        0  __printf_ss_wp.o(.text)
    .text                                    0x08000444   Section        0  atoi.o(.text)
    .text                                    0x0800045e   Section        0  strlen.o(.text)
    .text                                    0x0800049c   Section      100  rt_memcpy_w.o(.text)
    .text                                    0x08000500   Section       78  rt_memclr_w.o(.text)
    .text                                    0x08000550   Section      128  strcmpv7m.o(.text)
    .text                                    0x080005d0   Section        0  heapauxi.o(.text)
    .text                                    0x080005d8   Section        8  rt_errno_addr_intlibspace.o(.text)
    .text                                    0x080005e0   Section        0  _printf_intcommon.o(.text)
    .text                                    0x08000692   Section        0  _printf_fp_dec.o(.text)
    _fp_digits                               0x08000695   Thumb Code   428  _printf_fp_dec.o(.text)
    .text                                    0x08000aac   Section        0  _printf_char_common.o(.text)
    _printf_input_char                       0x08000aad   Thumb Code    10  _printf_char_common.o(.text)
    .text                                    0x08000adc   Section        0  _sputc.o(.text)
    .text                                    0x08000ae6   Section        0  strtol.o(.text)
    .text                                    0x08000b58   Section        8  libspace.o(.text)
    .text                                    0x08000b60   Section       16  rt_ctype_table.o(.text)
    .text                                    0x08000b70   Section        8  rt_locale_intlibspace.o(.text)
    .text                                    0x08000b78   Section      138  lludiv10.o(.text)
    .text                                    0x08000c04   Section        0  _printf_fp_infnan.o(.text)
    .text                                    0x08000c84   Section        0  _strtoul.o(.text)
    .text                                    0x08000d24   Section        0  bigflt0.o(.text)
    .text                                    0x08000e00   Section       74  sys_stackheap_outer.o(.text)
    .text                                    0x08000e4a   Section        0  _chval.o(.text)
    .text                                    0x08000e66   Section        0  exit.o(.text)
    .text                                    0x08000e78   Section        0  sys_exit.o(.text)
    .text                                    0x08000e84   Section        2  use_no_semi.o(.text)
    .text                                    0x08000e86   Section        0  indicate_semi.o(.text)
    CL$$btod_d2e                             0x08000e86   Section       62  btod.o(CL$$btod_d2e)
    CL$$btod_d2e_denorm_low                  0x08000ec4   Section       70  btod.o(CL$$btod_d2e_denorm_low)
    CL$$btod_d2e_norm_op1                    0x08000f0a   Section       96  btod.o(CL$$btod_d2e_norm_op1)
    CL$$btod_div_common                      0x08000f6a   Section      824  btod.o(CL$$btod_div_common)
    CL$$btod_e2e                             0x080012a2   Section      198  btod.o(CL$$btod_e2e)
    CL$$btod_ediv                            0x08001368   Section       40  btod.o(CL$$btod_ediv)
    CL$$btod_emul                            0x08001390   Section       40  btod.o(CL$$btod_emul)
    CL$$btod_mult_common                     0x080013b8   Section      580  btod.o(CL$$btod_mult_common)
    i.ADC1_2_IRQHandler                      0x080015fc   Section        0  stm32f1xx_it.o(i.ADC1_2_IRQHandler)
    i.ADC_ConversionStop_Disable             0x08001608   Section        0  stm32f1xx_hal_adc.o(i.ADC_ConversionStop_Disable)
    i.ADC_Enable                             0x08001660   Section        0  stm32f1xx_hal_adc.o(i.ADC_Enable)
    i.BusFault_Handler                       0x080016dc   Section        0  stm32f1xx_it.o(i.BusFault_Handler)
    i.DebugMon_Handler                       0x080016de   Section        0  stm32f1xx_it.o(i.DebugMon_Handler)
    i.EXTI15_10_IRQHandler                   0x080016e0   Section        0  stm32f1xx_it.o(i.EXTI15_10_IRQHandler)
    i.Get_Humd                               0x080016e8   Section        0  humd.o(i.Get_Humd)
    i.HAL_ADCEx_InjectedConvCpltCallback     0x08001c5c   Section        0  stm32f1xx_hal_adc_ex.o(i.HAL_ADCEx_InjectedConvCpltCallback)
    i.HAL_ADC_ConfigChannel                  0x08001c60   Section        0  stm32f1xx_hal_adc.o(i.HAL_ADC_ConfigChannel)
    i.HAL_ADC_ConvCpltCallback               0x08001d5c   Section        0  main.o(i.HAL_ADC_ConvCpltCallback)
    i.HAL_ADC_GetValue                       0x08001d80   Section        0  stm32f1xx_hal_adc.o(i.HAL_ADC_GetValue)
    i.HAL_ADC_IRQHandler                     0x08001d86   Section        0  stm32f1xx_hal_adc.o(i.HAL_ADC_IRQHandler)
    i.HAL_ADC_Init                           0x08001e64   Section        0  stm32f1xx_hal_adc.o(i.HAL_ADC_Init)
    i.HAL_ADC_LevelOutOfWindowCallback       0x08001f80   Section        0  stm32f1xx_hal_adc.o(i.HAL_ADC_LevelOutOfWindowCallback)
    i.HAL_ADC_MspInit                        0x08001f84   Section        0  stm32f1xx_hal_msp.o(i.HAL_ADC_MspInit)
    i.HAL_ADC_Start_IT                       0x08001fec   Section        0  stm32f1xx_hal_adc.o(i.HAL_ADC_Start_IT)
    i.HAL_ADC_Stop_IT                        0x080020b8   Section        0  stm32f1xx_hal_adc.o(i.HAL_ADC_Stop_IT)
    i.HAL_DMA_Abort                          0x080020f6   Section        0  stm32f1xx_hal_dma.o(i.HAL_DMA_Abort)
    i.HAL_DMA_Abort_IT                       0x0800213c   Section        0  stm32f1xx_hal_dma.o(i.HAL_DMA_Abort_IT)
    i.HAL_Delay                              0x080021d4   Section        0  stm32f1xx_hal.o(i.HAL_Delay)
    i.HAL_GPIO_EXTI_Callback                 0x080021f8   Section        0  main.o(i.HAL_GPIO_EXTI_Callback)
    i.HAL_GPIO_EXTI_IRQHandler               0x08002224   Section        0  stm32f1xx_hal_gpio.o(i.HAL_GPIO_EXTI_IRQHandler)
    i.HAL_GPIO_Init                          0x0800223c   Section        0  stm32f1xx_hal_gpio.o(i.HAL_GPIO_Init)
    i.HAL_GPIO_WritePin                      0x0800241c   Section        0  stm32f1xx_hal_gpio.o(i.HAL_GPIO_WritePin)
    i.HAL_GetTick                            0x08002428   Section        0  stm32f1xx_hal.o(i.HAL_GetTick)
    i.HAL_I2C_Init                           0x08002434   Section        0  stm32f1xx_hal_i2c.o(i.HAL_I2C_Init)
    i.HAL_I2C_Master_Transmit                0x080025bc   Section        0  stm32f1xx_hal_i2c.o(i.HAL_I2C_Master_Transmit)
    i.HAL_I2C_MspInit                        0x080026e8   Section        0  stm32f1xx_hal_msp.o(i.HAL_I2C_MspInit)
    i.HAL_IncTick                            0x08002744   Section        0  stm32f1xx_hal.o(i.HAL_IncTick)
    i.HAL_Init                               0x08002754   Section        0  stm32f1xx_hal.o(i.HAL_Init)
    i.HAL_InitTick                           0x08002778   Section        0  stm32f1xx_hal_timebase_tim.o(i.HAL_InitTick)
    i.HAL_MspInit                            0x08002810   Section        0  stm32f1xx_hal_msp.o(i.HAL_MspInit)
    i.HAL_NVIC_EnableIRQ                     0x0800284c   Section        0  stm32f1xx_hal_cortex.o(i.HAL_NVIC_EnableIRQ)
    i.HAL_NVIC_SetPriority                   0x08002868   Section        0  stm32f1xx_hal_cortex.o(i.HAL_NVIC_SetPriority)
    i.HAL_NVIC_SetPriorityGrouping           0x080028a8   Section        0  stm32f1xx_hal_cortex.o(i.HAL_NVIC_SetPriorityGrouping)
    i.HAL_RCCEx_PeriphCLKConfig              0x080028cc   Section        0  stm32f1xx_hal_rcc_ex.o(i.HAL_RCCEx_PeriphCLKConfig)
    i.HAL_RCC_ClockConfig                    0x080029b8   Section        0  stm32f1xx_hal_rcc.o(i.HAL_RCC_ClockConfig)
    i.HAL_RCC_GetClockConfig                 0x08002ae4   Section        0  stm32f1xx_hal_rcc.o(i.HAL_RCC_GetClockConfig)
    i.HAL_RCC_GetPCLK1Freq                   0x08002b24   Section        0  stm32f1xx_hal_rcc.o(i.HAL_RCC_GetPCLK1Freq)
    i.HAL_RCC_GetPCLK2Freq                   0x08002b44   Section        0  stm32f1xx_hal_rcc.o(i.HAL_RCC_GetPCLK2Freq)
    i.HAL_RCC_GetSysClockFreq                0x08002b64   Section        0  stm32f1xx_hal_rcc.o(i.HAL_RCC_GetSysClockFreq)
    i.HAL_RCC_OscConfig                      0x08002bb0   Section        0  stm32f1xx_hal_rcc.o(i.HAL_RCC_OscConfig)
    i.HAL_TIMEx_BreakCallback                0x08002ed0   Section        0  stm32f1xx_hal_tim_ex.o(i.HAL_TIMEx_BreakCallback)
    i.HAL_TIMEx_CommutCallback               0x08002ed2   Section        0  stm32f1xx_hal_tim_ex.o(i.HAL_TIMEx_CommutCallback)
    i.HAL_TIMEx_MasterConfigSynchronization  0x08002ed4   Section        0  stm32f1xx_hal_tim_ex.o(i.HAL_TIMEx_MasterConfigSynchronization)
    i.HAL_TIM_Base_Init                      0x08002f3c   Section        0  stm32f1xx_hal_tim.o(i.HAL_TIM_Base_Init)
    i.HAL_TIM_Base_MspInit                   0x08002f98   Section        0  stm32f1xx_hal_msp.o(i.HAL_TIM_Base_MspInit)
    i.HAL_TIM_Base_Start                     0x08003010   Section        0  stm32f1xx_hal_tim.o(i.HAL_TIM_Base_Start)
    i.HAL_TIM_Base_Start_IT                  0x08003060   Section        0  stm32f1xx_hal_tim.o(i.HAL_TIM_Base_Start_IT)
    i.HAL_TIM_ConfigClockSource              0x080030b8   Section        0  stm32f1xx_hal_tim.o(i.HAL_TIM_ConfigClockSource)
    i.HAL_TIM_IC_CaptureCallback             0x08003194   Section        0  stm32f1xx_hal_tim.o(i.HAL_TIM_IC_CaptureCallback)
    i.HAL_TIM_IRQHandler                     0x08003196   Section        0  stm32f1xx_hal_tim.o(i.HAL_TIM_IRQHandler)
    i.HAL_TIM_OC_DelayElapsedCallback        0x080032fc   Section        0  stm32f1xx_hal_tim.o(i.HAL_TIM_OC_DelayElapsedCallback)
    i.HAL_TIM_PWM_PulseFinishedCallback      0x080032fe   Section        0  stm32f1xx_hal_tim.o(i.HAL_TIM_PWM_PulseFinishedCallback)
    i.HAL_TIM_PeriodElapsedCallback          0x08003300   Section        0  main.o(i.HAL_TIM_PeriodElapsedCallback)
    i.HAL_TIM_TriggerCallback                0x08003338   Section        0  stm32f1xx_hal_tim.o(i.HAL_TIM_TriggerCallback)
    i.HAL_UARTEx_RxEventCallback             0x0800333a   Section        0  stm32f1xx_hal_uart.o(i.HAL_UARTEx_RxEventCallback)
    i.HAL_UART_ErrorCallback                 0x0800333c   Section        0  stm32f1xx_hal_uart.o(i.HAL_UART_ErrorCallback)
    i.HAL_UART_IRQHandler                    0x08003340   Section        0  stm32f1xx_hal_uart.o(i.HAL_UART_IRQHandler)
    i.HAL_UART_Init                          0x080035ac   Section        0  stm32f1xx_hal_uart.o(i.HAL_UART_Init)
    i.HAL_UART_MspInit                       0x08003610   Section        0  stm32f1xx_hal_msp.o(i.HAL_UART_MspInit)
    i.HAL_UART_Receive_IT                    0x08003690   Section        0  stm32f1xx_hal_uart.o(i.HAL_UART_Receive_IT)
    i.HAL_UART_RxCpltCallback                0x080036ac   Section        0  main.o(i.HAL_UART_RxCpltCallback)
    i.HAL_UART_Transmit                      0x0800373c   Section        0  stm32f1xx_hal_uart.o(i.HAL_UART_Transmit)
    i.HAL_UART_TxCpltCallback                0x080037d6   Section        0  stm32f1xx_hal_uart.o(i.HAL_UART_TxCpltCallback)
    i.HardFault_Handler                      0x080037d8   Section        0  stm32f1xx_it.o(i.HardFault_Handler)
    i.HumdTask                               0x080037dc   Section        0  main.o(i.HumdTask)
    i.I2C_IsAcknowledgeFailed                0x080037f8   Section        0  stm32f1xx_hal_i2c.o(i.I2C_IsAcknowledgeFailed)
    I2C_IsAcknowledgeFailed                  0x080037f9   Thumb Code    46  stm32f1xx_hal_i2c.o(i.I2C_IsAcknowledgeFailed)
    i.I2C_MasterRequestWrite                 0x08003828   Section        0  stm32f1xx_hal_i2c.o(i.I2C_MasterRequestWrite)
    I2C_MasterRequestWrite                   0x08003829   Thumb Code   150  stm32f1xx_hal_i2c.o(i.I2C_MasterRequestWrite)
    i.I2C_WaitOnBTFFlagUntilTimeout          0x080038c4   Section        0  stm32f1xx_hal_i2c.o(i.I2C_WaitOnBTFFlagUntilTimeout)
    I2C_WaitOnBTFFlagUntilTimeout            0x080038c5   Thumb Code    86  stm32f1xx_hal_i2c.o(i.I2C_WaitOnBTFFlagUntilTimeout)
    i.I2C_WaitOnFlagUntilTimeout             0x0800391c   Section        0  stm32f1xx_hal_i2c.o(i.I2C_WaitOnFlagUntilTimeout)
    I2C_WaitOnFlagUntilTimeout               0x0800391d   Thumb Code   144  stm32f1xx_hal_i2c.o(i.I2C_WaitOnFlagUntilTimeout)
    i.I2C_WaitOnMasterAddressFlagUntilTimeout 0x080039ac   Section        0  stm32f1xx_hal_i2c.o(i.I2C_WaitOnMasterAddressFlagUntilTimeout)
    I2C_WaitOnMasterAddressFlagUntilTimeout  0x080039ad   Thumb Code   188  stm32f1xx_hal_i2c.o(i.I2C_WaitOnMasterAddressFlagUntilTimeout)
    i.I2C_WaitOnTXEFlagUntilTimeout          0x08003a68   Section        0  stm32f1xx_hal_i2c.o(i.I2C_WaitOnTXEFlagUntilTimeout)
    I2C_WaitOnTXEFlagUntilTimeout            0x08003a69   Thumb Code    86  stm32f1xx_hal_i2c.o(i.I2C_WaitOnTXEFlagUntilTimeout)
    i.LCDHumdTask                            0x08003ac0   Section        0  main.o(i.LCDHumdTask)
    i.LCDTempTask                            0x08003af8   Section        0  main.o(i.LCDTempTask)
    i.LCD_I2C_Init                           0x08003b34   Section        0  lcd_i2c.o(i.LCD_I2C_Init)
    i.LCD_I2C_Set_Cursor                     0x08003b9a   Section        0  lcd_i2c.o(i.LCD_I2C_Set_Cursor)
    i.LCD_I2C_WRITE_DATA                     0x08003bb0   Section        0  lcd_i2c.o(i.LCD_I2C_WRITE_DATA)
    i.LCD_I2C_WRITE_NUMBER                   0x08003bf0   Section        0  lcd_i2c.o(i.LCD_I2C_WRITE_NUMBER)
    i.LCD_I2C_WRITE_Num_f                    0x08003c08   Section        0  lcd_i2c.o(i.LCD_I2C_WRITE_Num_f)
    i.LCD_I2C_Write_CMD                      0x08003c28   Section        0  lcd_i2c.o(i.LCD_I2C_Write_CMD)
    i.LCD_I2C_Write_String                   0x08003c68   Section        0  lcd_i2c.o(i.LCD_I2C_Write_String)
    i.MX_ADC1_Init                           0x08003c88   Section        0  main.o(i.MX_ADC1_Init)
    MX_ADC1_Init                             0x08003c89   Thumb Code    70  main.o(i.MX_ADC1_Init)
    i.MX_GPIO_Init                           0x08003cd8   Section        0  main.o(i.MX_GPIO_Init)
    MX_GPIO_Init                             0x08003cd9   Thumb Code   236  main.o(i.MX_GPIO_Init)
    i.MX_TIM1_Init                           0x08003dd8   Section        0  main.o(i.MX_TIM1_Init)
    MX_TIM1_Init                             0x08003dd9   Thumb Code    98  main.o(i.MX_TIM1_Init)
    i.MX_TIM2_Init                           0x08003e44   Section        0  main.o(i.MX_TIM2_Init)
    MX_TIM2_Init                             0x08003e45   Thumb Code   100  main.o(i.MX_TIM2_Init)
    i.MX_TIM3_Init                           0x08003eac   Section        0  main.o(i.MX_TIM3_Init)
    MX_TIM3_Init                             0x08003ead   Thumb Code    98  main.o(i.MX_TIM3_Init)
    i.MemManage_Handler                      0x08003f18   Section        0  stm32f1xx_it.o(i.MemManage_Handler)
    i.NMI_Handler                            0x08003f1a   Section        0  stm32f1xx_it.o(i.NMI_Handler)
    i.PendSV_Handler                         0x08003f1c   Section        0  stm32f1xx_it.o(i.PendSV_Handler)
    i.SVC_Handler                            0x08003f1e   Section        0  stm32f1xx_it.o(i.SVC_Handler)
    i.SysTick_Handler                        0x08003f20   Section        0  stm32f1xx_it.o(i.SysTick_Handler)
    i.SystemClock_Config                     0x08003f22   Section        0  main.o(i.SystemClock_Config)
    i.SystemInit                             0x08003f9a   Section        0  system_stm32f1xx.o(i.SystemInit)
    i.TIM2_IRQHandler                        0x08003f9c   Section        0  stm32f1xx_it.o(i.TIM2_IRQHandler)
    i.TIM3_IRQHandler                        0x08003fa8   Section        0  stm32f1xx_it.o(i.TIM3_IRQHandler)
    i.TIM4_IRQHandler                        0x08003fb4   Section        0  stm32f1xx_it.o(i.TIM4_IRQHandler)
    i.TIM_Base_SetConfig                     0x08003fc0   Section        0  stm32f1xx_hal_tim.o(i.TIM_Base_SetConfig)
    i.TIM_ETR_SetConfig                      0x0800402c   Section        0  stm32f1xx_hal_tim.o(i.TIM_ETR_SetConfig)
    i.TIM_ITRx_SetConfig                     0x08004040   Section        0  stm32f1xx_hal_tim.o(i.TIM_ITRx_SetConfig)
    TIM_ITRx_SetConfig                       0x08004041   Thumb Code    16  stm32f1xx_hal_tim.o(i.TIM_ITRx_SetConfig)
    i.TIM_TI1_ConfigInputStage               0x08004050   Section        0  stm32f1xx_hal_tim.o(i.TIM_TI1_ConfigInputStage)
    TIM_TI1_ConfigInputStage                 0x08004051   Thumb Code    34  stm32f1xx_hal_tim.o(i.TIM_TI1_ConfigInputStage)
    i.TIM_TI2_ConfigInputStage               0x08004072   Section        0  stm32f1xx_hal_tim.o(i.TIM_TI2_ConfigInputStage)
    TIM_TI2_ConfigInputStage                 0x08004073   Thumb Code    36  stm32f1xx_hal_tim.o(i.TIM_TI2_ConfigInputStage)
    i.TempTask                               0x08004098   Section        0  main.o(i.TempTask)
    i.UARTTask                               0x080040c4   Section        0  main.o(i.UARTTask)
    i.UART_DMAAbortOnError                   0x08004240   Section        0  stm32f1xx_hal_uart.o(i.UART_DMAAbortOnError)
    UART_DMAAbortOnError                     0x08004241   Thumb Code    16  stm32f1xx_hal_uart.o(i.UART_DMAAbortOnError)
    i.UART_EndRxTransfer                     0x08004250   Section        0  stm32f1xx_hal_uart.o(i.UART_EndRxTransfer)
    UART_EndRxTransfer                       0x08004251   Thumb Code    78  stm32f1xx_hal_uart.o(i.UART_EndRxTransfer)
    i.UART_Receive_IT                        0x0800429e   Section        0  stm32f1xx_hal_uart.o(i.UART_Receive_IT)
    UART_Receive_IT                          0x0800429f   Thumb Code   194  stm32f1xx_hal_uart.o(i.UART_Receive_IT)
    i.UART_SetConfig                         0x08004360   Section        0  stm32f1xx_hal_uart.o(i.UART_SetConfig)
    UART_SetConfig                           0x08004361   Thumb Code   178  stm32f1xx_hal_uart.o(i.UART_SetConfig)
    i.UART_Start_Receive_IT                  0x08004418   Section        0  stm32f1xx_hal_uart.o(i.UART_Start_Receive_IT)
    i.UART_WaitOnFlagUntilTimeout            0x0800444e   Section        0  stm32f1xx_hal_uart.o(i.UART_WaitOnFlagUntilTimeout)
    UART_WaitOnFlagUntilTimeout              0x0800444f   Thumb Code   120  stm32f1xx_hal_uart.o(i.UART_WaitOnFlagUntilTimeout)
    i.USART2_IRQHandler                      0x080044c8   Section        0  stm32f1xx_it.o(i.USART2_IRQHandler)
    i.UsageFault_Handler                     0x080044d4   Section        0  stm32f1xx_it.o(i.UsageFault_Handler)
    i.__ARM_fpclassify                       0x080044d6   Section        0  fpclassify.o(i.__ARM_fpclassify)
    i.__NVIC_SetPriority                     0x080044fe   Section        0  stm32f1xx_hal_cortex.o(i.__NVIC_SetPriority)
    __NVIC_SetPriority                       0x080044ff   Thumb Code    32  stm32f1xx_hal_cortex.o(i.__NVIC_SetPriority)
    i._is_digit                              0x0800451e   Section        0  __printf_wp.o(i._is_digit)
    i.main                                   0x0800452c   Section        0  main.o(i.main)
    i.temp_convert                           0x08004600   Section        0  temp.o(i.temp_convert)
    i.trans                                  0x08004634   Section        0  main.o(i.trans)
    locale$$code                             0x08004654   Section       44  lc_numeric_c.o(locale$$code)
    locale$$code                             0x08004680   Section       44  lc_ctype_c.o(locale$$code)
    x$fpl$ddiv                               0x080046ac   Section      688  ddiv.o(x$fpl$ddiv)
    ddiv_entry                               0x080046b3   Thumb Code     0  ddiv.o(x$fpl$ddiv)
    x$fpl$dfltu                              0x0800495c   Section       38  dflt_clz.o(x$fpl$dfltu)
    x$fpl$dmul                               0x08004984   Section      340  dmul.o(x$fpl$dmul)
    x$fpl$dnaninf                            0x08004ad8   Section      156  dnaninf.o(x$fpl$dnaninf)
    x$fpl$dretinf                            0x08004b74   Section       12  dretinf.o(x$fpl$dretinf)
    x$fpl$printf1                            0x08004b80   Section        4  printf1.o(x$fpl$printf1)
    .constdata                               0x08004b84   Section       20  main.o(.constdata)
    x$fpl$usenofp                            0x08004b84   Section        0  usenofp.o(x$fpl$usenofp)
    .constdata                               0x08004b98   Section       18  stm32f1xx_hal_rcc.o(.constdata)
    aPredivFactorTable                       0x08004b98   Data           2  stm32f1xx_hal_rcc.o(.constdata)
    aPLLMULFactorTable                       0x08004b9a   Data          16  stm32f1xx_hal_rcc.o(.constdata)
    .constdata                               0x08004baa   Section       16  system_stm32f1xx.o(.constdata)
    .constdata                               0x08004bba   Section        8  system_stm32f1xx.o(.constdata)
    .constdata                               0x08004bc4   Section      148  bigflt0.o(.constdata)
    tenpwrs_x                                0x08004bc4   Data          60  bigflt0.o(.constdata)
    tenpwrs_i                                0x08004c00   Data          64  bigflt0.o(.constdata)
    locale$$data                             0x08004c78   Section       28  lc_numeric_c.o(locale$$data)
    __lcnum_c_name                           0x08004c7c   Data           2  lc_numeric_c.o(locale$$data)
    __lcnum_c_start                          0x08004c84   Data           0  lc_numeric_c.o(locale$$data)
    __lcnum_c_point                          0x08004c90   Data           0  lc_numeric_c.o(locale$$data)
    __lcnum_c_thousands                      0x08004c92   Data           0  lc_numeric_c.o(locale$$data)
    __lcnum_c_grouping                       0x08004c93   Data           0  lc_numeric_c.o(locale$$data)
    locale$$data                             0x08004c94   Section      272  lc_ctype_c.o(locale$$data)
    __lcnum_c_end                            0x08004c94   Data           0  lc_numeric_c.o(locale$$data)
    __lcctype_c_name                         0x08004c98   Data           2  lc_ctype_c.o(locale$$data)
    __lcctype_c_start                        0x08004ca0   Data           0  lc_ctype_c.o(locale$$data)
    __lcctype_c_end                          0x08004da4   Data           0  lc_ctype_c.o(locale$$data)
    .data                                    0x20000000   Section       48  main.o(.data)
    lastTime                                 0x20000010   Data           4  main.o(.data)
    .data                                    0x20000030   Section       12  stm32f1xx_hal.o(.data)
    .data                                    0x2000003c   Section        4  system_stm32f1xx.o(.data)
    .bss                                     0x20000040   Section      420  main.o(.bss)
    .bss                                     0x200001e4   Section       72  stm32f1xx_hal_timebase_tim.o(.bss)
    .bss                                     0x2000022c   Section       96  libspace.o(.bss)
    HEAP                                     0x20000290   Section      512  startup_stm32f103xb.o(HEAP)
    Heap_Mem                                 0x20000290   Data         512  startup_stm32f103xb.o(HEAP)
    STACK                                    0x20000490   Section     1024  startup_stm32f103xb.o(STACK)
    Stack_Mem                                0x20000490   Data        1024  startup_stm32f103xb.o(STACK)
    __initial_sp                             0x20000890   Data           0  startup_stm32f103xb.o(STACK)

    Global Symbols

    Symbol Name                              Value     Ov Type        Size  Object(Section)

    BuildAttributes$$THM_ISAv4$P$D$K$B$S$PE$A:L22UL41UL21$X:L11$S22US41US21$IEEE1$IW$USESV6$~STKCKD$USESV7$~SHL$OTIME$ROPI$IEEEJ$EBA8$UX$STANDARDLIB$REQ8$PRES8$EABIv2 0x00000000   Number         0  anon$$obj.o ABSOLUTE
    __ARM_use_no_argv                        0x00000000   Number         0  main.o ABSOLUTE
    _printf_flags                            0x00000000   Number         0  printf_stubs.o ABSOLUTE
    _printf_return_value                     0x00000000   Number         0  printf_stubs.o ABSOLUTE
    _printf_sizespec                         0x00000000   Number         0  printf_stubs.o ABSOLUTE
    _printf_widthprec                        0x00000000   Number         0  printf_stubs.o ABSOLUTE
    __ARM_exceptions_init                     - Undefined Weak Reference
    __alloca_initialize                       - Undefined Weak Reference
    __arm_preinit_                            - Undefined Weak Reference
    __cpp_initialize__aeabi_                  - Undefined Weak Reference
    __cxa_finalize                            - Undefined Weak Reference
    __sigvec_lookup                           - Undefined Weak Reference
    _atexit_init                              - Undefined Weak Reference
    _call_atexit_fns                          - Undefined Weak Reference
    _clock_init                               - Undefined Weak Reference
    _fp_trap_init                             - Undefined Weak Reference
    _fp_trap_shutdown                         - Undefined Weak Reference
    _get_lc_collate                           - Undefined Weak Reference
    _get_lc_monetary                          - Undefined Weak Reference
    _get_lc_time                              - Undefined Weak Reference
    _getenv_init                              - Undefined Weak Reference
    _handle_redirection                       - Undefined Weak Reference
    _init_alloc                               - Undefined Weak Reference
    _init_user_alloc                          - Undefined Weak Reference
    _initio                                   - Undefined Weak Reference
    _printf_truncate_signed                   - Undefined Weak Reference
    _printf_truncate_unsigned                 - Undefined Weak Reference
    _rand_init                                - Undefined Weak Reference
    _signal_finish                            - Undefined Weak Reference
    _signal_init                              - Undefined Weak Reference
    _terminate_alloc                          - Undefined Weak Reference
    _terminate_user_alloc                     - Undefined Weak Reference
    _terminateio                              - Undefined Weak Reference
    __Vectors_Size                           0x000000ec   Number         0  startup_stm32f103xb.o ABSOLUTE
    __Vectors                                0x08000000   Data           4  startup_stm32f103xb.o(RESET)
    __Vectors_End                            0x080000ec   Data           0  startup_stm32f103xb.o(RESET)
    __main                                   0x080000ed   Thumb Code     8  __main.o(!!!main)
    __scatterload                            0x080000f5   Thumb Code     0  __scatter.o(!!!scatter)
    __scatterload_rt2                        0x080000f5   Thumb Code    44  __scatter.o(!!!scatter)
    __scatterload_rt2_thumb_only             0x080000f5   Thumb Code     0  __scatter.o(!!!scatter)
    __scatterload_null                       0x08000103   Thumb Code     0  __scatter.o(!!!scatter)
    __scatterload_copy                       0x08000129   Thumb Code    26  __scatter_copy.o(!!handler_copy)
    __scatterload_zeroinit                   0x08000145   Thumb Code    28  __scatter_zi.o(!!handler_zi)
    _printf_f                                0x08000161   Thumb Code     0  _printf_f.o(.ARM.Collect$$_printf_percent$$00000003)
    _printf_percent                          0x08000161   Thumb Code     0  _printf_percent.o(.ARM.Collect$$_printf_percent$$00000000)
    _printf_d                                0x08000167   Thumb Code     0  _printf_d.o(.ARM.Collect$$_printf_percent$$00000009)
    _printf_percent_end                      0x0800016d   Thumb Code     0  _printf_percent_end.o(.ARM.Collect$$_printf_percent$$00000017)
    __rt_lib_init                            0x08000171   Thumb Code     0  libinit.o(.ARM.Collect$$libinit$$00000000)
    __rt_lib_init_fp_1                       0x08000173   Thumb Code     0  libinit2.o(.ARM.Collect$$libinit$$00000002)
    __rt_lib_init_heap_1                     0x08000173   Thumb Code     0  libinit2.o(.ARM.Collect$$libinit$$0000000A)
    __rt_lib_init_lc_common                  0x08000173   Thumb Code     0  libinit2.o(.ARM.Collect$$libinit$$0000000F)
    __rt_lib_init_preinit_1                  0x08000173   Thumb Code     0  libinit2.o(.ARM.Collect$$libinit$$00000004)
    __rt_lib_init_rand_1                     0x08000173   Thumb Code     0  libinit2.o(.ARM.Collect$$libinit$$0000000E)
    __rt_lib_init_user_alloc_1               0x08000173   Thumb Code     0  libinit2.o(.ARM.Collect$$libinit$$0000000C)
    __rt_lib_init_lc_collate_1               0x08000179   Thumb Code     0  libinit2.o(.ARM.Collect$$libinit$$00000011)
    __rt_lib_init_lc_ctype_2                 0x08000179   Thumb Code     0  libinit2.o(.ARM.Collect$$libinit$$00000012)
    __rt_lib_init_lc_ctype_1                 0x08000185   Thumb Code     0  libinit2.o(.ARM.Collect$$libinit$$00000013)
    __rt_lib_init_lc_monetary_1              0x08000185   Thumb Code     0  libinit2.o(.ARM.Collect$$libinit$$00000015)
    __rt_lib_init_lc_numeric_2               0x08000185   Thumb Code     0  libinit2.o(.ARM.Collect$$libinit$$00000016)
    __rt_lib_init_alloca_1                   0x0800018f   Thumb Code     0  libinit2.o(.ARM.Collect$$libinit$$0000002E)
    __rt_lib_init_argv_1                     0x0800018f   Thumb Code     0  libinit2.o(.ARM.Collect$$libinit$$0000002C)
    __rt_lib_init_atexit_1                   0x0800018f   Thumb Code     0  libinit2.o(.ARM.Collect$$libinit$$0000001B)
    __rt_lib_init_clock_1                    0x0800018f   Thumb Code     0  libinit2.o(.ARM.Collect$$libinit$$00000021)
    __rt_lib_init_cpp_1                      0x0800018f   Thumb Code     0  libinit2.o(.ARM.Collect$$libinit$$00000032)
    __rt_lib_init_exceptions_1               0x0800018f   Thumb Code     0  libinit2.o(.ARM.Collect$$libinit$$00000030)
    __rt_lib_init_fp_trap_1                  0x0800018f   Thumb Code     0  libinit2.o(.ARM.Collect$$libinit$$0000001F)
    __rt_lib_init_getenv_1                   0x0800018f   Thumb Code     0  libinit2.o(.ARM.Collect$$libinit$$00000023)
    __rt_lib_init_lc_numeric_1               0x0800018f   Thumb Code     0  libinit2.o(.ARM.Collect$$libinit$$00000017)
    __rt_lib_init_lc_time_1                  0x0800018f   Thumb Code     0  libinit2.o(.ARM.Collect$$libinit$$00000019)
    __rt_lib_init_return                     0x0800018f   Thumb Code     0  libinit2.o(.ARM.Collect$$libinit$$00000033)
    __rt_lib_init_signal_1                   0x0800018f   Thumb Code     0  libinit2.o(.ARM.Collect$$libinit$$0000001D)
    __rt_lib_init_stdio_1                    0x0800018f   Thumb Code     0  libinit2.o(.ARM.Collect$$libinit$$00000025)
    __rt_lib_shutdown                        0x08000191   Thumb Code     0  libshutdown.o(.ARM.Collect$$libshutdown$$00000000)
    __rt_lib_shutdown_cpp_1                  0x08000193   Thumb Code     0  libshutdown2.o(.ARM.Collect$$libshutdown$$00000002)
    __rt_lib_shutdown_fp_trap_1              0x08000193   Thumb Code     0  libshutdown2.o(.ARM.Collect$$libshutdown$$00000007)
    __rt_lib_shutdown_heap_1                 0x08000193   Thumb Code     0  libshutdown2.o(.ARM.Collect$$libshutdown$$0000000F)
    __rt_lib_shutdown_return                 0x08000193   Thumb Code     0  libshutdown2.o(.ARM.Collect$$libshutdown$$00000010)
    __rt_lib_shutdown_signal_1               0x08000193   Thumb Code     0  libshutdown2.o(.ARM.Collect$$libshutdown$$0000000A)
    __rt_lib_shutdown_stdio_1                0x08000193   Thumb Code     0  libshutdown2.o(.ARM.Collect$$libshutdown$$00000004)
    __rt_lib_shutdown_user_alloc_1           0x08000193   Thumb Code     0  libshutdown2.o(.ARM.Collect$$libshutdown$$0000000C)
    __rt_entry                               0x08000195   Thumb Code     0  __rtentry.o(.ARM.Collect$$rtentry$$00000000)
    __rt_entry_presh_1                       0x08000195   Thumb Code     0  __rtentry2.o(.ARM.Collect$$rtentry$$00000002)
    __rt_entry_sh                            0x08000195   Thumb Code     0  __rtentry4.o(.ARM.Collect$$rtentry$$00000004)
    __rt_entry_li                            0x0800019b   Thumb Code     0  __rtentry2.o(.ARM.Collect$$rtentry$$0000000A)
    __rt_entry_postsh_1                      0x0800019b   Thumb Code     0  __rtentry2.o(.ARM.Collect$$rtentry$$00000009)
    __rt_entry_main                          0x0800019f   Thumb Code     0  __rtentry2.o(.ARM.Collect$$rtentry$$0000000D)
    __rt_entry_postli_1                      0x0800019f   Thumb Code     0  __rtentry2.o(.ARM.Collect$$rtentry$$0000000C)
    __rt_exit                                0x080001a7   Thumb Code     0  rtexit.o(.ARM.Collect$$rtexit$$00000000)
    __rt_exit_ls                             0x080001a9   Thumb Code     0  rtexit2.o(.ARM.Collect$$rtexit$$00000003)
    __rt_exit_prels_1                        0x080001a9   Thumb Code     0  rtexit2.o(.ARM.Collect$$rtexit$$00000002)
    __rt_exit_exit                           0x080001ad   Thumb Code     0  rtexit2.o(.ARM.Collect$$rtexit$$00000004)
    Reset_Handler                            0x080001b5   Thumb Code     8  startup_stm32f103xb.o(.text)
    CAN1_RX1_IRQHandler                      0x080001cf   Thumb Code     0  startup_stm32f103xb.o(.text)
    CAN1_SCE_IRQHandler                      0x080001cf   Thumb Code     0  startup_stm32f103xb.o(.text)
    DMA1_Channel1_IRQHandler                 0x080001cf   Thumb Code     0  startup_stm32f103xb.o(.text)
    DMA1_Channel2_IRQHandler                 0x080001cf   Thumb Code     0  startup_stm32f103xb.o(.text)
    DMA1_Channel3_IRQHandler                 0x080001cf   Thumb Code     0  startup_stm32f103xb.o(.text)
    DMA1_Channel4_IRQHandler                 0x080001cf   Thumb Code     0  startup_stm32f103xb.o(.text)
    DMA1_Channel5_IRQHandler                 0x080001cf   Thumb Code     0  startup_stm32f103xb.o(.text)
    DMA1_Channel6_IRQHandler                 0x080001cf   Thumb Code     0  startup_stm32f103xb.o(.text)
    DMA1_Channel7_IRQHandler                 0x080001cf   Thumb Code     0  startup_stm32f103xb.o(.text)
    EXTI0_IRQHandler                         0x080001cf   Thumb Code     0  startup_stm32f103xb.o(.text)
    EXTI1_IRQHandler                         0x080001cf   Thumb Code     0  startup_stm32f103xb.o(.text)
    EXTI2_IRQHandler                         0x080001cf   Thumb Code     0  startup_stm32f103xb.o(.text)
    EXTI3_IRQHandler                         0x080001cf   Thumb Code     0  startup_stm32f103xb.o(.text)
    EXTI4_IRQHandler                         0x080001cf   Thumb Code     0  startup_stm32f103xb.o(.text)
    EXTI9_5_IRQHandler                       0x080001cf   Thumb Code     0  startup_stm32f103xb.o(.text)
    FLASH_IRQHandler                         0x080001cf   Thumb Code     0  startup_stm32f103xb.o(.text)
    I2C1_ER_IRQHandler                       0x080001cf   Thumb Code     0  startup_stm32f103xb.o(.text)
    I2C1_EV_IRQHandler                       0x080001cf   Thumb Code     0  startup_stm32f103xb.o(.text)
    I2C2_ER_IRQHandler                       0x080001cf   Thumb Code     0  startup_stm32f103xb.o(.text)
    I2C2_EV_IRQHandler                       0x080001cf   Thumb Code     0  startup_stm32f103xb.o(.text)
    PVD_IRQHandler                           0x080001cf   Thumb Code     0  startup_stm32f103xb.o(.text)
    RCC_IRQHandler                           0x080001cf   Thumb Code     0  startup_stm32f103xb.o(.text)
    RTC_Alarm_IRQHandler                     0x080001cf   Thumb Code     0  startup_stm32f103xb.o(.text)
    RTC_IRQHandler                           0x080001cf   Thumb Code     0  startup_stm32f103xb.o(.text)
    SPI1_IRQHandler                          0x080001cf   Thumb Code     0  startup_stm32f103xb.o(.text)
    SPI2_IRQHandler                          0x080001cf   Thumb Code     0  startup_stm32f103xb.o(.text)
    TAMPER_IRQHandler                        0x080001cf   Thumb Code     0  startup_stm32f103xb.o(.text)
    TIM1_BRK_IRQHandler                      0x080001cf   Thumb Code     0  startup_stm32f103xb.o(.text)
    TIM1_CC_IRQHandler                       0x080001cf   Thumb Code     0  startup_stm32f103xb.o(.text)
    TIM1_TRG_COM_IRQHandler                  0x080001cf   Thumb Code     0  startup_stm32f103xb.o(.text)
    TIM1_UP_IRQHandler                       0x080001cf   Thumb Code     0  startup_stm32f103xb.o(.text)
    USART1_IRQHandler                        0x080001cf   Thumb Code     0  startup_stm32f103xb.o(.text)
    USART3_IRQHandler                        0x080001cf   Thumb Code     0  startup_stm32f103xb.o(.text)
    USBWakeUp_IRQHandler                     0x080001cf   Thumb Code     0  startup_stm32f103xb.o(.text)
    USB_HP_CAN1_TX_IRQHandler                0x080001cf   Thumb Code     0  startup_stm32f103xb.o(.text)
    USB_LP_CAN1_RX0_IRQHandler               0x080001cf   Thumb Code     0  startup_stm32f103xb.o(.text)
    WWDG_IRQHandler                          0x080001cf   Thumb Code     0  startup_stm32f103xb.o(.text)
    __user_initial_stackheap                 0x080001d1   Thumb Code     0  startup_stm32f103xb.o(.text)
    __2sprintf                               0x080001f5   Thumb Code    34  noretval__2sprintf.o(.text)
    _printf_pre_padding                      0x0800021d   Thumb Code    44  _printf_pad.o(.text)
    _printf_post_padding                     0x08000249   Thumb Code    34  _printf_pad.o(.text)
    _printf_int_dec                          0x0800026d   Thumb Code   104  _printf_dec.o(.text)
    __printf                                 0x080002e5   Thumb Code   352  __printf_ss_wp.o(.text)
    atoi                                     0x08000445   Thumb Code    26  atoi.o(.text)
    strlen                                   0x0800045f   Thumb Code    62  strlen.o(.text)
    __aeabi_memcpy4                          0x0800049d   Thumb Code     0  rt_memcpy_w.o(.text)
    __aeabi_memcpy8                          0x0800049d   Thumb Code     0  rt_memcpy_w.o(.text)
    __rt_memcpy_w                            0x0800049d   Thumb Code   100  rt_memcpy_w.o(.text)
    _memcpy_lastbytes_aligned                0x080004e5   Thumb Code     0  rt_memcpy_w.o(.text)
    __aeabi_memclr4                          0x08000501   Thumb Code     0  rt_memclr_w.o(.text)
    __aeabi_memclr8                          0x08000501   Thumb Code     0  rt_memclr_w.o(.text)
    __rt_memclr_w                            0x08000501   Thumb Code    78  rt_memclr_w.o(.text)
    _memset_w                                0x08000505   Thumb Code     0  rt_memclr_w.o(.text)
    strcmp                                   0x08000551   Thumb Code   128  strcmpv7m.o(.text)
    __use_two_region_memory                  0x080005d1   Thumb Code     2  heapauxi.o(.text)
    __rt_heap_escrow$2region                 0x080005d3   Thumb Code     2  heapauxi.o(.text)
    __rt_heap_expand$2region                 0x080005d5   Thumb Code     2  heapauxi.o(.text)
    __aeabi_errno_addr                       0x080005d9   Thumb Code     8  rt_errno_addr_intlibspace.o(.text)
    __errno$intlibspace                      0x080005d9   Thumb Code     0  rt_errno_addr_intlibspace.o(.text)
    __rt_errno_addr$intlibspace              0x080005d9   Thumb Code     0  rt_errno_addr_intlibspace.o(.text)
    _printf_int_common                       0x080005e1   Thumb Code   178  _printf_intcommon.o(.text)
    __lib_sel_fp_printf                      0x08000693   Thumb Code     2  _printf_fp_dec.o(.text)
    _printf_fp_dec_real                      0x08000841   Thumb Code   620  _printf_fp_dec.o(.text)
    _printf_char_common                      0x08000ab7   Thumb Code    32  _printf_char_common.o(.text)
    _sputc                                   0x08000add   Thumb Code    10  _sputc.o(.text)
    strtol                                   0x08000ae7   Thumb Code   112  strtol.o(.text)
    __user_libspace                          0x08000b59   Thumb Code     8  libspace.o(.text)
    __user_perproc_libspace                  0x08000b59   Thumb Code     0  libspace.o(.text)
    __user_perthread_libspace                0x08000b59   Thumb Code     0  libspace.o(.text)
    __rt_ctype_table                         0x08000b61   Thumb Code    16  rt_ctype_table.o(.text)
    __rt_locale                              0x08000b71   Thumb Code     8  rt_locale_intlibspace.o(.text)
    _ll_udiv10                               0x08000b79   Thumb Code   138  lludiv10.o(.text)
    _printf_fp_infnan                        0x08000c05   Thumb Code   112  _printf_fp_infnan.o(.text)
    _strtoul                                 0x08000c85   Thumb Code   158  _strtoul.o(.text)
    _btod_etento                             0x08000d25   Thumb Code   216  bigflt0.o(.text)
    __user_setup_stackheap                   0x08000e01   Thumb Code    74  sys_stackheap_outer.o(.text)
    _chval                                   0x08000e4b   Thumb Code    28  _chval.o(.text)
    exit                                     0x08000e67   Thumb Code    18  exit.o(.text)
    _sys_exit                                0x08000e79   Thumb Code     8  sys_exit.o(.text)
    __I$use$semihosting                      0x08000e85   Thumb Code     0  use_no_semi.o(.text)
    __use_no_semihosting_swi                 0x08000e85   Thumb Code     2  use_no_semi.o(.text)
    __semihosting_library_function           0x08000e87   Thumb Code     0  indicate_semi.o(.text)
    _btod_d2e                                0x08000e87   Thumb Code    62  btod.o(CL$$btod_d2e)
    _d2e_denorm_low                          0x08000ec5   Thumb Code    70  btod.o(CL$$btod_d2e_denorm_low)
    _d2e_norm_op1                            0x08000f0b   Thumb Code    96  btod.o(CL$$btod_d2e_norm_op1)
    __btod_div_common                        0x08000f6b   Thumb Code   696  btod.o(CL$$btod_div_common)
    _e2e                                     0x080012a3   Thumb Code   198  btod.o(CL$$btod_e2e)
    _btod_ediv                               0x08001369   Thumb Code    40  btod.o(CL$$btod_ediv)
    _btod_emul                               0x08001391   Thumb Code    40  btod.o(CL$$btod_emul)
    __btod_mult_common                       0x080013b9   Thumb Code   580  btod.o(CL$$btod_mult_common)
    ADC1_2_IRQHandler                        0x080015fd   Thumb Code     6  stm32f1xx_it.o(i.ADC1_2_IRQHandler)
    ADC_ConversionStop_Disable               0x08001609   Thumb Code    86  stm32f1xx_hal_adc.o(i.ADC_ConversionStop_Disable)
    ADC_Enable                               0x08001661   Thumb Code   114  stm32f1xx_hal_adc.o(i.ADC_Enable)
    BusFault_Handler                         0x080016dd   Thumb Code     2  stm32f1xx_it.o(i.BusFault_Handler)
    DebugMon_Handler                         0x080016df   Thumb Code     2  stm32f1xx_it.o(i.DebugMon_Handler)
    EXTI15_10_IRQHandler                     0x080016e1   Thumb Code     8  stm32f1xx_it.o(i.EXTI15_10_IRQHandler)
    Get_Humd                                 0x080016e9   Thumb Code  1396  humd.o(i.Get_Humd)
    HAL_ADCEx_InjectedConvCpltCallback       0x08001c5d   Thumb Code     2  stm32f1xx_hal_adc_ex.o(i.HAL_ADCEx_InjectedConvCpltCallback)
    HAL_ADC_ConfigChannel                    0x08001c61   Thumb Code   240  stm32f1xx_hal_adc.o(i.HAL_ADC_ConfigChannel)
    HAL_ADC_ConvCpltCallback                 0x08001d5d   Thumb Code    28  main.o(i.HAL_ADC_ConvCpltCallback)
    HAL_ADC_GetValue                         0x08001d81   Thumb Code     6  stm32f1xx_hal_adc.o(i.HAL_ADC_GetValue)
    HAL_ADC_IRQHandler                       0x08001d87   Thumb Code   220  stm32f1xx_hal_adc.o(i.HAL_ADC_IRQHandler)
    HAL_ADC_Init                             0x08001e65   Thumb Code   272  stm32f1xx_hal_adc.o(i.HAL_ADC_Init)
    HAL_ADC_LevelOutOfWindowCallback         0x08001f81   Thumb Code     2  stm32f1xx_hal_adc.o(i.HAL_ADC_LevelOutOfWindowCallback)
    HAL_ADC_MspInit                          0x08001f85   Thumb Code    92  stm32f1xx_hal_msp.o(i.HAL_ADC_MspInit)
    HAL_ADC_Start_IT                         0x08001fed   Thumb Code   194  stm32f1xx_hal_adc.o(i.HAL_ADC_Start_IT)
    HAL_ADC_Stop_IT                          0x080020b9   Thumb Code    62  stm32f1xx_hal_adc.o(i.HAL_ADC_Stop_IT)
    HAL_DMA_Abort                            0x080020f7   Thumb Code    70  stm32f1xx_hal_dma.o(i.HAL_DMA_Abort)
    HAL_DMA_Abort_IT                         0x0800213d   Thumb Code   148  stm32f1xx_hal_dma.o(i.HAL_DMA_Abort_IT)
    HAL_Delay                                0x080021d5   Thumb Code    32  stm32f1xx_hal.o(i.HAL_Delay)
    HAL_GPIO_EXTI_Callback                   0x080021f9   Thumb Code    30  main.o(i.HAL_GPIO_EXTI_Callback)
    HAL_GPIO_EXTI_IRQHandler                 0x08002225   Thumb Code    18  stm32f1xx_hal_gpio.o(i.HAL_GPIO_EXTI_IRQHandler)
    HAL_GPIO_Init                            0x0800223d   Thumb Code   446  stm32f1xx_hal_gpio.o(i.HAL_GPIO_Init)
    HAL_GPIO_WritePin                        0x0800241d   Thumb Code    10  stm32f1xx_hal_gpio.o(i.HAL_GPIO_WritePin)
    HAL_GetTick                              0x08002429   Thumb Code     6  stm32f1xx_hal.o(i.HAL_GetTick)
    HAL_I2C_Init                             0x08002435   Thumb Code   376  stm32f1xx_hal_i2c.o(i.HAL_I2C_Init)
    HAL_I2C_Master_Transmit                  0x080025bd   Thumb Code   290  stm32f1xx_hal_i2c.o(i.HAL_I2C_Master_Transmit)
    HAL_I2C_MspInit                          0x080026e9   Thumb Code    80  stm32f1xx_hal_msp.o(i.HAL_I2C_MspInit)
    HAL_IncTick                              0x08002745   Thumb Code    12  stm32f1xx_hal.o(i.HAL_IncTick)
    HAL_Init                                 0x08002755   Thumb Code    32  stm32f1xx_hal.o(i.HAL_Init)
    HAL_InitTick                             0x08002779   Thumb Code   132  stm32f1xx_hal_timebase_tim.o(i.HAL_InitTick)
    HAL_MspInit                              0x08002811   Thumb Code    52  stm32f1xx_hal_msp.o(i.HAL_MspInit)
    HAL_NVIC_EnableIRQ                       0x0800284d   Thumb Code    26  stm32f1xx_hal_cortex.o(i.HAL_NVIC_EnableIRQ)
    HAL_NVIC_SetPriority                     0x08002869   Thumb Code    60  stm32f1xx_hal_cortex.o(i.HAL_NVIC_SetPriority)
    HAL_NVIC_SetPriorityGrouping             0x080028a9   Thumb Code    26  stm32f1xx_hal_cortex.o(i.HAL_NVIC_SetPriorityGrouping)
    HAL_RCCEx_PeriphCLKConfig                0x080028cd   Thumb Code   224  stm32f1xx_hal_rcc_ex.o(i.HAL_RCCEx_PeriphCLKConfig)
    HAL_RCC_ClockConfig                      0x080029b9   Thumb Code   280  stm32f1xx_hal_rcc.o(i.HAL_RCC_ClockConfig)
    HAL_RCC_GetClockConfig                   0x08002ae5   Thumb Code    54  stm32f1xx_hal_rcc.o(i.HAL_RCC_GetClockConfig)
    HAL_RCC_GetPCLK1Freq                     0x08002b25   Thumb Code    20  stm32f1xx_hal_rcc.o(i.HAL_RCC_GetPCLK1Freq)
    HAL_RCC_GetPCLK2Freq                     0x08002b45   Thumb Code    20  stm32f1xx_hal_rcc.o(i.HAL_RCC_GetPCLK2Freq)
    HAL_RCC_GetSysClockFreq                  0x08002b65   Thumb Code    58  stm32f1xx_hal_rcc.o(i.HAL_RCC_GetSysClockFreq)
    HAL_RCC_OscConfig                        0x08002bb1   Thumb Code   778  stm32f1xx_hal_rcc.o(i.HAL_RCC_OscConfig)
    HAL_TIMEx_BreakCallback                  0x08002ed1   Thumb Code     2  stm32f1xx_hal_tim_ex.o(i.HAL_TIMEx_BreakCallback)
    HAL_TIMEx_CommutCallback                 0x08002ed3   Thumb Code     2  stm32f1xx_hal_tim_ex.o(i.HAL_TIMEx_CommutCallback)
    HAL_TIMEx_MasterConfigSynchronization    0x08002ed5   Thumb Code    92  stm32f1xx_hal_tim_ex.o(i.HAL_TIMEx_MasterConfigSynchronization)
    HAL_TIM_Base_Init                        0x08002f3d   Thumb Code    90  stm32f1xx_hal_tim.o(i.HAL_TIM_Base_Init)
    HAL_TIM_Base_MspInit                     0x08002f99   Thumb Code   108  stm32f1xx_hal_msp.o(i.HAL_TIM_Base_MspInit)
    HAL_TIM_Base_Start                       0x08003011   Thumb Code    66  stm32f1xx_hal_tim.o(i.HAL_TIM_Base_Start)
    HAL_TIM_Base_Start_IT                    0x08003061   Thumb Code    76  stm32f1xx_hal_tim.o(i.HAL_TIM_Base_Start_IT)
    HAL_TIM_ConfigClockSource                0x080030b9   Thumb Code   220  stm32f1xx_hal_tim.o(i.HAL_TIM_ConfigClockSource)
    HAL_TIM_IC_CaptureCallback               0x08003195   Thumb Code     2  stm32f1xx_hal_tim.o(i.HAL_TIM_IC_CaptureCallback)
    HAL_TIM_IRQHandler                       0x08003197   Thumb Code   358  stm32f1xx_hal_tim.o(i.HAL_TIM_IRQHandler)
    HAL_TIM_OC_DelayElapsedCallback          0x080032fd   Thumb Code     2  stm32f1xx_hal_tim.o(i.HAL_TIM_OC_DelayElapsedCallback)
    HAL_TIM_PWM_PulseFinishedCallback        0x080032ff   Thumb Code     2  stm32f1xx_hal_tim.o(i.HAL_TIM_PWM_PulseFinishedCallback)
    HAL_TIM_PeriodElapsedCallback            0x08003301   Thumb Code    42  main.o(i.HAL_TIM_PeriodElapsedCallback)
    HAL_TIM_TriggerCallback                  0x08003339   Thumb Code     2  stm32f1xx_hal_tim.o(i.HAL_TIM_TriggerCallback)
    HAL_UARTEx_RxEventCallback               0x0800333b   Thumb Code     2  stm32f1xx_hal_uart.o(i.HAL_UARTEx_RxEventCallback)
    HAL_UART_ErrorCallback                   0x0800333d   Thumb Code     2  stm32f1xx_hal_uart.o(i.HAL_UART_ErrorCallback)
    HAL_UART_IRQHandler                      0x08003341   Thumb Code   616  stm32f1xx_hal_uart.o(i.HAL_UART_IRQHandler)
    HAL_UART_Init                            0x080035ad   Thumb Code   100  stm32f1xx_hal_uart.o(i.HAL_UART_Init)
    HAL_UART_MspInit                         0x08003611   Thumb Code   114  stm32f1xx_hal_msp.o(i.HAL_UART_MspInit)
    HAL_UART_Receive_IT                      0x08003691   Thumb Code    28  stm32f1xx_hal_uart.o(i.HAL_UART_Receive_IT)
    HAL_UART_RxCpltCallback                  0x080036ad   Thumb Code   136  main.o(i.HAL_UART_RxCpltCallback)
    HAL_UART_Transmit                        0x0800373d   Thumb Code   154  stm32f1xx_hal_uart.o(i.HAL_UART_Transmit)
    HAL_UART_TxCpltCallback                  0x080037d7   Thumb Code     2  stm32f1xx_hal_uart.o(i.HAL_UART_TxCpltCallback)
    HardFault_Handler                        0x080037d9   Thumb Code     2  stm32f1xx_it.o(i.HardFault_Handler)
    HumdTask                                 0x080037dd   Thumb Code    24  main.o(i.HumdTask)
    LCDHumdTask                              0x08003ac1   Thumb Code    40  main.o(i.LCDHumdTask)
    LCDTempTask                              0x08003af9   Thumb Code    48  main.o(i.LCDTempTask)
    LCD_I2C_Init                             0x08003b35   Thumb Code   102  lcd_i2c.o(i.LCD_I2C_Init)
    LCD_I2C_Set_Cursor                       0x08003b9b   Thumb Code    20  lcd_i2c.o(i.LCD_I2C_Set_Cursor)
    LCD_I2C_WRITE_DATA                       0x08003bb1   Thumb Code    60  lcd_i2c.o(i.LCD_I2C_WRITE_DATA)
    LCD_I2C_WRITE_NUMBER                     0x08003bf1   Thumb Code    20  lcd_i2c.o(i.LCD_I2C_WRITE_NUMBER)
    LCD_I2C_WRITE_Num_f                      0x08003c09   Thumb Code    22  lcd_i2c.o(i.LCD_I2C_WRITE_Num_f)
    LCD_I2C_Write_CMD                        0x08003c29   Thumb Code    60  lcd_i2c.o(i.LCD_I2C_Write_CMD)
    LCD_I2C_Write_String                     0x08003c69   Thumb Code    30  lcd_i2c.o(i.LCD_I2C_Write_String)
    MemManage_Handler                        0x08003f19   Thumb Code     2  stm32f1xx_it.o(i.MemManage_Handler)
    NMI_Handler                              0x08003f1b   Thumb Code     2  stm32f1xx_it.o(i.NMI_Handler)
    PendSV_Handler                           0x08003f1d   Thumb Code     2  stm32f1xx_it.o(i.PendSV_Handler)
    SVC_Handler                              0x08003f1f   Thumb Code     2  stm32f1xx_it.o(i.SVC_Handler)
    SysTick_Handler                          0x08003f21   Thumb Code     2  stm32f1xx_it.o(i.SysTick_Handler)
    SystemClock_Config                       0x08003f23   Thumb Code   120  main.o(i.SystemClock_Config)
    SystemInit                               0x08003f9b   Thumb Code     2  system_stm32f1xx.o(i.SystemInit)
    TIM2_IRQHandler                          0x08003f9d   Thumb Code     6  stm32f1xx_it.o(i.TIM2_IRQHandler)
    TIM3_IRQHandler                          0x08003fa9   Thumb Code     6  stm32f1xx_it.o(i.TIM3_IRQHandler)
    TIM4_IRQHandler                          0x08003fb5   Thumb Code     6  stm32f1xx_it.o(i.TIM4_IRQHandler)
    TIM_Base_SetConfig                       0x08003fc1   Thumb Code    94  stm32f1xx_hal_tim.o(i.TIM_Base_SetConfig)
    TIM_ETR_SetConfig                        0x0800402d   Thumb Code    20  stm32f1xx_hal_tim.o(i.TIM_ETR_SetConfig)
    TempTask                                 0x08004099   Thumb Code    36  main.o(i.TempTask)
    UARTTask                                 0x080040c5   Thumb Code   282  main.o(i.UARTTask)
    UART_Start_Receive_IT                    0x08004419   Thumb Code    54  stm32f1xx_hal_uart.o(i.UART_Start_Receive_IT)
    USART2_IRQHandler                        0x080044c9   Thumb Code     6  stm32f1xx_it.o(i.USART2_IRQHandler)
    UsageFault_Handler                       0x080044d5   Thumb Code     2  stm32f1xx_it.o(i.UsageFault_Handler)
    __ARM_fpclassify                         0x080044d7   Thumb Code    40  fpclassify.o(i.__ARM_fpclassify)
    _is_digit                                0x0800451f   Thumb Code    14  __printf_wp.o(i._is_digit)
    main                                     0x0800452d   Thumb Code   184  main.o(i.main)
    temp_convert                             0x08004601   Thumb Code    36  temp.o(i.temp_convert)
    trans                                    0x08004635   Thumb Code    26  main.o(i.trans)
    _get_lc_numeric                          0x08004655   Thumb Code    44  lc_numeric_c.o(locale$$code)
    _get_lc_ctype                            0x08004681   Thumb Code    44  lc_ctype_c.o(locale$$code)
    __aeabi_ddiv                             0x080046ad   Thumb Code     0  ddiv.o(x$fpl$ddiv)
    _ddiv                                    0x080046ad   Thumb Code   552  ddiv.o(x$fpl$ddiv)
    __aeabi_ui2d                             0x0800495d   Thumb Code     0  dflt_clz.o(x$fpl$dfltu)
    _dfltu                                   0x0800495d   Thumb Code    38  dflt_clz.o(x$fpl$dfltu)
    __aeabi_dmul                             0x08004985   Thumb Code     0  dmul.o(x$fpl$dmul)
    _dmul                                    0x08004985   Thumb Code   332  dmul.o(x$fpl$dmul)
    __fpl_dnaninf                            0x08004ad9   Thumb Code   156  dnaninf.o(x$fpl$dnaninf)
    __fpl_dretinf                            0x08004b75   Thumb Code    12  dretinf.o(x$fpl$dretinf)
    _printf_fp_dec                           0x08004b81   Thumb Code     4  printf1.o(x$fpl$printf1)
    __I$use$fp                               0x08004b84   Number         0  usenofp.o(x$fpl$usenofp)
    AHBPrescTable                            0x08004baa   Data          16  system_stm32f1xx.o(.constdata)
    APBPrescTable                            0x08004bba   Data           8  system_stm32f1xx.o(.constdata)
    Region$$Table$$Base                      0x08004c58   Number         0  anon$$obj.o(Region$$Table)
    Region$$Table$$Limit                     0x08004c78   Number         0  anon$$obj.o(Region$$Table)
    __ctype                                  0x08004ca1   Data           0  lc_ctype_c.o(locale$$data)
    Mode                                     0x20000000   Data           1  main.o(.data)
    Period                                   0x20000001   Data           1  main.o(.data)
    ucRxFlag                                 0x20000002   Data           1  main.o(.data)
    ucRxCnt                                  0x20000003   Data           1  main.o(.data)
    flag_receive                             0x20000004   Data           1  main.o(.data)
    flag_trans                               0x20000005   Data           1  main.o(.data)
    data_rx                                  0x20000006   Data           1  main.o(.data)
    ucRxData                                 0x20000007   Data           1  main.o(.data)
    adcv                                     0x20000008   Data           2  main.o(.data)
    frequency                                0x2000000c   Data           4  main.o(.data)
    Humd                                     0x20000014   Data           4  main.o(.data)
    b                                        0x20000018   Data           4  main.o(.data)
    check                                    0x2000001c   Data           4  main.o(.data)
    ucRxBuffer                               0x20000020   Data           6  main.o(.data)
    Temp                                     0x20000028   Data           8  main.o(.data)
    uwTickFreq                               0x20000030   Data           1  stm32f1xx_hal.o(.data)
    uwTickPrio                               0x20000034   Data           4  stm32f1xx_hal.o(.data)
    uwTick                                   0x20000038   Data           4  stm32f1xx_hal.o(.data)
    SystemCoreClock                          0x2000003c   Data           4  system_stm32f1xx.o(.data)
    hadc1                                    0x20000040   Data          48  main.o(.bss)
    hi2c1                                    0x20000070   Data          84  main.o(.bss)
    htim1                                    0x200000c4   Data          72  main.o(.bss)
    htim2                                    0x2000010c   Data          72  main.o(.bss)
    htim3                                    0x20000154   Data          72  main.o(.bss)
    huart2                                   0x2000019c   Data          72  main.o(.bss)
    htim4                                    0x200001e4   Data          72  stm32f1xx_hal_timebase_tim.o(.bss)
    __libspace_start                         0x2000022c   Data          96  libspace.o(.bss)
    __temporary_stack_top$libspace           0x2000028c   Data           0  libspace.o(.bss)



==============================================================================

Memory Map of the image

  Image Entry point : 0x080000ed

  Load Region LR_IROM1 (Base: 0x08000000, Size: 0x00004de4, Max: 0x00010000, ABSOLUTE)

    Execution Region ER_IROM1 (Base: 0x08000000, Size: 0x00004da4, Max: 0x00010000, ABSOLUTE)

    Base Addr    Size         Type   Attr      Idx    E Section Name        Object

    0x08000000   0x000000ec   Data   RO            3    RESET               startup_stm32f103xb.o
    0x080000ec   0x00000008   Code   RO         3746  * !!!main             c_w.l(__main.o)
    0x080000f4   0x00000034   Code   RO         3990    !!!scatter          c_w.l(__scatter.o)
    0x08000128   0x0000001a   Code   RO         3992    !!handler_copy      c_w.l(__scatter_copy.o)
    0x08000142   0x00000002   PAD
    0x08000144   0x0000001c   Code   RO         3994    !!handler_zi        c_w.l(__scatter_zi.o)
    0x08000160   0x00000000   Code   RO         3733    .ARM.Collect$$_printf_percent$$00000000  c_w.l(_printf_percent.o)
    0x08000160   0x00000006   Code   RO         3732    .ARM.Collect$$_printf_percent$$00000003  c_w.l(_printf_f.o)
    0x08000166   0x00000006   Code   RO         3731    .ARM.Collect$$_printf_percent$$00000009  c_w.l(_printf_d.o)
    0x0800016c   0x00000004   Code   RO         3776    .ARM.Collect$$_printf_percent$$00000017  c_w.l(_printf_percent_end.o)
    0x08000170   0x00000002   Code   RO         3863    .ARM.Collect$$libinit$$00000000  c_w.l(libinit.o)
    0x08000172   0x00000000   Code   RO         3865    .ARM.Collect$$libinit$$00000002  c_w.l(libinit2.o)
    0x08000172   0x00000000   Code   RO         3867    .ARM.Collect$$libinit$$00000004  c_w.l(libinit2.o)
    0x08000172   0x00000000   Code   RO         3870    .ARM.Collect$$libinit$$0000000A  c_w.l(libinit2.o)
    0x08000172   0x00000000   Code   RO         3872    .ARM.Collect$$libinit$$0000000C  c_w.l(libinit2.o)
    0x08000172   0x00000000   Code   RO         3874    .ARM.Collect$$libinit$$0000000E  c_w.l(libinit2.o)
    0x08000172   0x00000006   Code   RO         3875    .ARM.Collect$$libinit$$0000000F  c_w.l(libinit2.o)
    0x08000178   0x00000000   Code   RO         3877    .ARM.Collect$$libinit$$00000011  c_w.l(libinit2.o)
    0x08000178   0x0000000c   Code   RO         3878    .ARM.Collect$$libinit$$00000012  c_w.l(libinit2.o)
    0x08000184   0x00000000   Code   RO         3879    .ARM.Collect$$libinit$$00000013  c_w.l(libinit2.o)
    0x08000184   0x00000000   Code   RO         3881    .ARM.Collect$$libinit$$00000015  c_w.l(libinit2.o)
    0x08000184   0x0000000a   Code   RO         3882    .ARM.Collect$$libinit$$00000016  c_w.l(libinit2.o)
    0x0800018e   0x00000000   Code   RO         3883    .ARM.Collect$$libinit$$00000017  c_w.l(libinit2.o)
    0x0800018e   0x00000000   Code   RO         3885    .ARM.Collect$$libinit$$00000019  c_w.l(libinit2.o)
    0x0800018e   0x00000000   Code   RO         3887    .ARM.Collect$$libinit$$0000001B  c_w.l(libinit2.o)
    0x0800018e   0x00000000   Code   RO         3889    .ARM.Collect$$libinit$$0000001D  c_w.l(libinit2.o)
    0x0800018e   0x00000000   Code   RO         3891    .ARM.Collect$$libinit$$0000001F  c_w.l(libinit2.o)
    0x0800018e   0x00000000   Code   RO         3893    .ARM.Collect$$libinit$$00000021  c_w.l(libinit2.o)
    0x0800018e   0x00000000   Code   RO         3895    .ARM.Collect$$libinit$$00000023  c_w.l(libinit2.o)
    0x0800018e   0x00000000   Code   RO         3897    .ARM.Collect$$libinit$$00000025  c_w.l(libinit2.o)
    0x0800018e   0x00000000   Code   RO         3901    .ARM.Collect$$libinit$$0000002C  c_w.l(libinit2.o)
    0x0800018e   0x00000000   Code   RO         3903    .ARM.Collect$$libinit$$0000002E  c_w.l(libinit2.o)
    0x0800018e   0x00000000   Code   RO         3905    .ARM.Collect$$libinit$$00000030  c_w.l(libinit2.o)
    0x0800018e   0x00000000   Code   RO         3907    .ARM.Collect$$libinit$$00000032  c_w.l(libinit2.o)
    0x0800018e   0x00000002   Code   RO         3908    .ARM.Collect$$libinit$$00000033  c_w.l(libinit2.o)
    0x08000190   0x00000002   Code   RO         3938    .ARM.Collect$$libshutdown$$00000000  c_w.l(libshutdown.o)
    0x08000192   0x00000000   Code   RO         3949    .ARM.Collect$$libshutdown$$00000002  c_w.l(libshutdown2.o)
    0x08000192   0x00000000   Code   RO         3951    .ARM.Collect$$libshutdown$$00000004  c_w.l(libshutdown2.o)
    0x08000192   0x00000000   Code   RO         3954    .ARM.Collect$$libshutdown$$00000007  c_w.l(libshutdown2.o)
    0x08000192   0x00000000   Code   RO         3957    .ARM.Collect$$libshutdown$$0000000A  c_w.l(libshutdown2.o)
    0x08000192   0x00000000   Code   RO         3959    .ARM.Collect$$libshutdown$$0000000C  c_w.l(libshutdown2.o)
    0x08000192   0x00000000   Code   RO         3962    .ARM.Collect$$libshutdown$$0000000F  c_w.l(libshutdown2.o)
    0x08000192   0x00000002   Code   RO         3963    .ARM.Collect$$libshutdown$$00000010  c_w.l(libshutdown2.o)
    0x08000194   0x00000000   Code   RO         3762    .ARM.Collect$$rtentry$$00000000  c_w.l(__rtentry.o)
    0x08000194   0x00000000   Code   RO         3788    .ARM.Collect$$rtentry$$00000002  c_w.l(__rtentry2.o)
    0x08000194   0x00000006   Code   RO         3800    .ARM.Collect$$rtentry$$00000004  c_w.l(__rtentry4.o)
    0x0800019a   0x00000000   Code   RO         3790    .ARM.Collect$$rtentry$$00000009  c_w.l(__rtentry2.o)
    0x0800019a   0x00000004   Code   RO         3791    .ARM.Collect$$rtentry$$0000000A  c_w.l(__rtentry2.o)
    0x0800019e   0x00000000   Code   RO         3793    .ARM.Collect$$rtentry$$0000000C  c_w.l(__rtentry2.o)
    0x0800019e   0x00000008   Code   RO         3794    .ARM.Collect$$rtentry$$0000000D  c_w.l(__rtentry2.o)
    0x080001a6   0x00000002   Code   RO         3909    .ARM.Collect$$rtexit$$00000000  c_w.l(rtexit.o)
    0x080001a8   0x00000000   Code   RO         3916    .ARM.Collect$$rtexit$$00000002  c_w.l(rtexit2.o)
    0x080001a8   0x00000004   Code   RO         3917    .ARM.Collect$$rtexit$$00000003  c_w.l(rtexit2.o)
    0x080001ac   0x00000006   Code   RO         3918    .ARM.Collect$$rtexit$$00000004  c_w.l(rtexit2.o)
    0x080001b2   0x00000002   PAD
    0x080001b4   0x00000040   Code   RO            4    .text               startup_stm32f103xb.o
    0x080001f4   0x00000028   Code   RO         3703    .text               c_w.l(noretval__2sprintf.o)
    0x0800021c   0x0000004e   Code   RO         3707    .text               c_w.l(_printf_pad.o)
    0x0800026a   0x00000002   PAD
    0x0800026c   0x00000078   Code   RO         3709    .text               c_w.l(_printf_dec.o)
    0x080002e4   0x00000160   Code   RO         3726    .text               c_w.l(__printf_ss_wp.o)
    0x08000444   0x0000001a   Code   RO         3734    .text               c_w.l(atoi.o)
    0x0800045e   0x0000003e   Code   RO         3736    .text               c_w.l(strlen.o)
    0x0800049c   0x00000064   Code   RO         3738    .text               c_w.l(rt_memcpy_w.o)
    0x08000500   0x0000004e   Code   RO         3740    .text               c_w.l(rt_memclr_w.o)
    0x0800054e   0x00000002   PAD
    0x08000550   0x00000080   Code   RO         3742    .text               c_w.l(strcmpv7m.o)
    0x080005d0   0x00000006   Code   RO         3744    .text               c_w.l(heapauxi.o)
    0x080005d6   0x00000002   PAD
    0x080005d8   0x00000008   Code   RO         3766    .text               c_w.l(rt_errno_addr_intlibspace.o)
    0x080005e0   0x000000b2   Code   RO         3768    .text               c_w.l(_printf_intcommon.o)
    0x08000692   0x0000041a   Code   RO         3770    .text               c_w.l(_printf_fp_dec.o)
    0x08000aac   0x00000030   Code   RO         3772    .text               c_w.l(_printf_char_common.o)
    0x08000adc   0x0000000a   Code   RO         3774    .text               c_w.l(_sputc.o)
    0x08000ae6   0x00000070   Code   RO         3777    .text               c_w.l(strtol.o)
    0x08000b56   0x00000002   PAD
    0x08000b58   0x00000008   Code   RO         3784    .text               c_w.l(libspace.o)
    0x08000b60   0x00000010   Code   RO         3802    .text               c_w.l(rt_ctype_table.o)
    0x08000b70   0x00000008   Code   RO         3807    .text               c_w.l(rt_locale_intlibspace.o)
    0x08000b78   0x0000008a   Code   RO         3809    .text               c_w.l(lludiv10.o)
    0x08000c02   0x00000002   PAD
    0x08000c04   0x00000080   Code   RO         3811    .text               c_w.l(_printf_fp_infnan.o)
    0x08000c84   0x0000009e   Code   RO         3815    .text               c_w.l(_strtoul.o)
    0x08000d22   0x00000002   PAD
    0x08000d24   0x000000dc   Code   RO         3817    .text               c_w.l(bigflt0.o)
    0x08000e00   0x0000004a   Code   RO         3849    .text               c_w.l(sys_stackheap_outer.o)
    0x08000e4a   0x0000001c   Code   RO         3851    .text               c_w.l(_chval.o)
    0x08000e66   0x00000012   Code   RO         3856    .text               c_w.l(exit.o)
    0x08000e78   0x0000000c   Code   RO         3928    .text               c_w.l(sys_exit.o)
    0x08000e84   0x00000002   Code   RO         3939    .text               c_w.l(use_no_semi.o)
    0x08000e86   0x00000000   Code   RO         3941    .text               c_w.l(indicate_semi.o)
    0x08000e86   0x0000003e   Code   RO         3820    CL$$btod_d2e        c_w.l(btod.o)
    0x08000ec4   0x00000046   Code   RO         3822    CL$$btod_d2e_denorm_low  c_w.l(btod.o)
    0x08000f0a   0x00000060   Code   RO         3821    CL$$btod_d2e_norm_op1  c_w.l(btod.o)
    0x08000f6a   0x00000338   Code   RO         3830    CL$$btod_div_common  c_w.l(btod.o)
    0x080012a2   0x000000c6   Code   RO         3827    CL$$btod_e2e        c_w.l(btod.o)
    0x08001368   0x00000028   Code   RO         3824    CL$$btod_ediv       c_w.l(btod.o)
    0x08001390   0x00000028   Code   RO         3823    CL$$btod_emul       c_w.l(btod.o)
    0x080013b8   0x00000244   Code   RO         3829    CL$$btod_mult_common  c_w.l(btod.o)
    0x080015fc   0x0000000c   Code   RO          377    i.ADC1_2_IRQHandler  stm32f1xx_it.o
    0x08001608   0x00000056   Code   RO          636    i.ADC_ConversionStop_Disable  stm32f1xx_hal_adc.o
    0x0800165e   0x00000002   PAD
    0x08001660   0x0000007c   Code   RO          640    i.ADC_Enable        stm32f1xx_hal_adc.o
    0x080016dc   0x00000002   Code   RO          378    i.BusFault_Handler  stm32f1xx_it.o
    0x080016de   0x00000002   Code   RO          379    i.DebugMon_Handler  stm32f1xx_it.o
    0x080016e0   0x00000008   Code   RO          380    i.EXTI15_10_IRQHandler  stm32f1xx_it.o
    0x080016e8   0x00000574   Code   RO          214    i.Get_Humd          humd.o
    0x08001c5c   0x00000002   Code   RO          818    i.HAL_ADCEx_InjectedConvCpltCallback  stm32f1xx_hal_adc_ex.o
    0x08001c5e   0x00000002   PAD
    0x08001c60   0x000000fc   Code   RO          642    i.HAL_ADC_ConfigChannel  stm32f1xx_hal_adc.o
    0x08001d5c   0x00000024   Code   RO          243    i.HAL_ADC_ConvCpltCallback  main.o
    0x08001d80   0x00000006   Code   RO          649    i.HAL_ADC_GetValue  stm32f1xx_hal_adc.o
    0x08001d86   0x000000dc   Code   RO          650    i.HAL_ADC_IRQHandler  stm32f1xx_hal_adc.o
    0x08001e62   0x00000002   PAD
    0x08001e64   0x0000011c   Code   RO          651    i.HAL_ADC_Init      stm32f1xx_hal_adc.o
    0x08001f80   0x00000002   Code   RO          652    i.HAL_ADC_LevelOutOfWindowCallback  stm32f1xx_hal_adc.o
    0x08001f82   0x00000002   PAD
    0x08001f84   0x00000068   Code   RO          490    i.HAL_ADC_MspInit   stm32f1xx_hal_msp.o
    0x08001fec   0x000000cc   Code   RO          659    i.HAL_ADC_Start_IT  stm32f1xx_hal_adc.o
    0x080020b8   0x0000003e   Code   RO          662    i.HAL_ADC_Stop_IT   stm32f1xx_hal_adc.o
    0x080020f6   0x00000046   Code   RO         1293    i.HAL_DMA_Abort     stm32f1xx_hal_dma.o
    0x0800213c   0x00000098   Code   RO         1294    i.HAL_DMA_Abort_IT  stm32f1xx_hal_dma.o
    0x080021d4   0x00000024   Code   RO          919    i.HAL_Delay         stm32f1xx_hal.o
    0x080021f8   0x0000002c   Code   RO          244    i.HAL_GPIO_EXTI_Callback  main.o
    0x08002224   0x00000018   Code   RO         1228    i.HAL_GPIO_EXTI_IRQHandler  stm32f1xx_hal_gpio.o
    0x0800223c   0x000001e0   Code   RO         1229    i.HAL_GPIO_Init     stm32f1xx_hal_gpio.o
    0x0800241c   0x0000000a   Code   RO         1233    i.HAL_GPIO_WritePin  stm32f1xx_hal_gpio.o
    0x08002426   0x00000002   PAD
    0x08002428   0x0000000c   Code   RO          923    i.HAL_GetTick       stm32f1xx_hal.o
    0x08002434   0x00000188   Code   RO         1900    i.HAL_I2C_Init      stm32f1xx_hal_i2c.o
    0x080025bc   0x0000012c   Code   RO         1913    i.HAL_I2C_Master_Transmit  stm32f1xx_hal_i2c.o
    0x080026e8   0x0000005c   Code   RO          492    i.HAL_I2C_MspInit   stm32f1xx_hal_msp.o
    0x08002744   0x00000010   Code   RO          929    i.HAL_IncTick       stm32f1xx_hal.o
    0x08002754   0x00000024   Code   RO          930    i.HAL_Init          stm32f1xx_hal.o
    0x08002778   0x00000098   Code   RO          561    i.HAL_InitTick      stm32f1xx_hal_timebase_tim.o
    0x08002810   0x0000003c   Code   RO          493    i.HAL_MspInit       stm32f1xx_hal_msp.o
    0x0800284c   0x0000001a   Code   RO         1389    i.HAL_NVIC_EnableIRQ  stm32f1xx_hal_cortex.o
    0x08002866   0x00000002   PAD
    0x08002868   0x00000040   Code   RO         1395    i.HAL_NVIC_SetPriority  stm32f1xx_hal_cortex.o
    0x080028a8   0x00000024   Code   RO         1396    i.HAL_NVIC_SetPriorityGrouping  stm32f1xx_hal_cortex.o
    0x080028cc   0x000000ec   Code   RO         1191    i.HAL_RCCEx_PeriphCLKConfig  stm32f1xx_hal_rcc_ex.o
    0x080029b8   0x0000012c   Code   RO         1087    i.HAL_RCC_ClockConfig  stm32f1xx_hal_rcc.o
    0x08002ae4   0x00000040   Code   RO         1091    i.HAL_RCC_GetClockConfig  stm32f1xx_hal_rcc.o
    0x08002b24   0x00000020   Code   RO         1094    i.HAL_RCC_GetPCLK1Freq  stm32f1xx_hal_rcc.o
    0x08002b44   0x00000020   Code   RO         1095    i.HAL_RCC_GetPCLK2Freq  stm32f1xx_hal_rcc.o
    0x08002b64   0x0000004c   Code   RO         1096    i.HAL_RCC_GetSysClockFreq  stm32f1xx_hal_rcc.o
    0x08002bb0   0x00000320   Code   RO         1099    i.HAL_RCC_OscConfig  stm32f1xx_hal_rcc.o
    0x08002ed0   0x00000002   Code   RO         3032    i.HAL_TIMEx_BreakCallback  stm32f1xx_hal_tim_ex.o
    0x08002ed2   0x00000002   Code   RO         3033    i.HAL_TIMEx_CommutCallback  stm32f1xx_hal_tim_ex.o
    0x08002ed4   0x00000068   Code   RO         3051    i.HAL_TIMEx_MasterConfigSynchronization  stm32f1xx_hal_tim_ex.o
    0x08002f3c   0x0000005a   Code   RO         2328    i.HAL_TIM_Base_Init  stm32f1xx_hal_tim.o
    0x08002f96   0x00000002   PAD
    0x08002f98   0x00000078   Code   RO          495    i.HAL_TIM_Base_MspInit  stm32f1xx_hal_msp.o
    0x08003010   0x00000050   Code   RO         2331    i.HAL_TIM_Base_Start  stm32f1xx_hal_tim.o
    0x08003060   0x00000058   Code   RO         2333    i.HAL_TIM_Base_Start_IT  stm32f1xx_hal_tim.o
    0x080030b8   0x000000dc   Code   RO         2337    i.HAL_TIM_ConfigClockSource  stm32f1xx_hal_tim.o
    0x08003194   0x00000002   Code   RO         2362    i.HAL_TIM_IC_CaptureCallback  stm32f1xx_hal_tim.o
    0x08003196   0x00000166   Code   RO         2376    i.HAL_TIM_IRQHandler  stm32f1xx_hal_tim.o
    0x080032fc   0x00000002   Code   RO         2379    i.HAL_TIM_OC_DelayElapsedCallback  stm32f1xx_hal_tim.o
    0x080032fe   0x00000002   Code   RO         2406    i.HAL_TIM_PWM_PulseFinishedCallback  stm32f1xx_hal_tim.o
    0x08003300   0x00000038   Code   RO          245    i.HAL_TIM_PeriodElapsedCallback  main.o
    0x08003338   0x00000002   Code   RO         2419    i.HAL_TIM_TriggerCallback  stm32f1xx_hal_tim.o
    0x0800333a   0x00000002   Code   RO         3311    i.HAL_UARTEx_RxEventCallback  stm32f1xx_hal_uart.o
    0x0800333c   0x00000002   Code   RO         3325    i.HAL_UART_ErrorCallback  stm32f1xx_hal_uart.o
    0x0800333e   0x00000002   PAD
    0x08003340   0x0000026c   Code   RO         3328    i.HAL_UART_IRQHandler  stm32f1xx_hal_uart.o
    0x080035ac   0x00000064   Code   RO         3329    i.HAL_UART_Init     stm32f1xx_hal_uart.o
    0x08003610   0x00000080   Code   RO          497    i.HAL_UART_MspInit  stm32f1xx_hal_msp.o
    0x08003690   0x0000001c   Code   RO         3334    i.HAL_UART_Receive_IT  stm32f1xx_hal_uart.o
    0x080036ac   0x00000090   Code   RO          246    i.HAL_UART_RxCpltCallback  main.o
    0x0800373c   0x0000009a   Code   RO         3337    i.HAL_UART_Transmit  stm32f1xx_hal_uart.o
    0x080037d6   0x00000002   Code   RO         3340    i.HAL_UART_TxCpltCallback  stm32f1xx_hal_uart.o
    0x080037d8   0x00000002   Code   RO          381    i.HardFault_Handler  stm32f1xx_it.o
    0x080037da   0x00000002   PAD
    0x080037dc   0x0000001c   Code   RO          247    i.HumdTask          main.o
    0x080037f8   0x0000002e   Code   RO         1943    i.I2C_IsAcknowledgeFailed  stm32f1xx_hal_i2c.o
    0x08003826   0x00000002   PAD
    0x08003828   0x0000009c   Code   RO         1947    i.I2C_MasterRequestWrite  stm32f1xx_hal_i2c.o
    0x080038c4   0x00000056   Code   RO         1958    i.I2C_WaitOnBTFFlagUntilTimeout  stm32f1xx_hal_i2c.o
    0x0800391a   0x00000002   PAD
    0x0800391c   0x00000090   Code   RO         1959    i.I2C_WaitOnFlagUntilTimeout  stm32f1xx_hal_i2c.o
    0x080039ac   0x000000bc   Code   RO         1960    i.I2C_WaitOnMasterAddressFlagUntilTimeout  stm32f1xx_hal_i2c.o
    0x08003a68   0x00000056   Code   RO         1962    i.I2C_WaitOnTXEFlagUntilTimeout  stm32f1xx_hal_i2c.o
    0x08003abe   0x00000002   PAD
    0x08003ac0   0x00000038   Code   RO          248    i.LCDHumdTask       main.o
    0x08003af8   0x0000003c   Code   RO          249    i.LCDTempTask       main.o
    0x08003b34   0x00000066   Code   RO           14    i.LCD_I2C_Init      lcd_i2c.o
    0x08003b9a   0x00000014   Code   RO           15    i.LCD_I2C_Set_Cursor  lcd_i2c.o
    0x08003bae   0x00000002   PAD
    0x08003bb0   0x00000040   Code   RO           16    i.LCD_I2C_WRITE_DATA  lcd_i2c.o
    0x08003bf0   0x00000018   Code   RO           17    i.LCD_I2C_WRITE_NUMBER  lcd_i2c.o
    0x08003c08   0x00000020   Code   RO           18    i.LCD_I2C_WRITE_Num_f  lcd_i2c.o
    0x08003c28   0x00000040   Code   RO           19    i.LCD_I2C_Write_CMD  lcd_i2c.o
    0x08003c68   0x0000001e   Code   RO           20    i.LCD_I2C_Write_String  lcd_i2c.o
    0x08003c86   0x00000002   PAD
    0x08003c88   0x00000050   Code   RO          250    i.MX_ADC1_Init      main.o
    0x08003cd8   0x00000100   Code   RO          251    i.MX_GPIO_Init      main.o
    0x08003dd8   0x0000006c   Code   RO          252    i.MX_TIM1_Init      main.o
    0x08003e44   0x00000068   Code   RO          253    i.MX_TIM2_Init      main.o
    0x08003eac   0x0000006c   Code   RO          254    i.MX_TIM3_Init      main.o
    0x08003f18   0x00000002   Code   RO          382    i.MemManage_Handler  stm32f1xx_it.o
    0x08003f1a   0x00000002   Code   RO          383    i.NMI_Handler       stm32f1xx_it.o
    0x08003f1c   0x00000002   Code   RO          384    i.PendSV_Handler    stm32f1xx_it.o
    0x08003f1e   0x00000002   Code   RO          385    i.SVC_Handler       stm32f1xx_it.o
    0x08003f20   0x00000002   Code   RO          386    i.SysTick_Handler   stm32f1xx_it.o
    0x08003f22   0x00000078   Code   RO          255    i.SystemClock_Config  main.o
    0x08003f9a   0x00000002   Code   RO         3663    i.SystemInit        system_stm32f1xx.o
    0x08003f9c   0x0000000c   Code   RO          387    i.TIM2_IRQHandler   stm32f1xx_it.o
    0x08003fa8   0x0000000c   Code   RO          388    i.TIM3_IRQHandler   stm32f1xx_it.o
    0x08003fb4   0x0000000c   Code   RO          389    i.TIM4_IRQHandler   stm32f1xx_it.o
    0x08003fc0   0x0000006c   Code   RO         2421    i.TIM_Base_SetConfig  stm32f1xx_hal_tim.o
    0x0800402c   0x00000014   Code   RO         2432    i.TIM_ETR_SetConfig  stm32f1xx_hal_tim.o
    0x08004040   0x00000010   Code   RO         2433    i.TIM_ITRx_SetConfig  stm32f1xx_hal_tim.o
    0x08004050   0x00000022   Code   RO         2439    i.TIM_TI1_ConfigInputStage  stm32f1xx_hal_tim.o
    0x08004072   0x00000024   Code   RO         2441    i.TIM_TI2_ConfigInputStage  stm32f1xx_hal_tim.o
    0x08004096   0x00000002   PAD
    0x08004098   0x0000002c   Code   RO          256    i.TempTask          main.o
    0x080040c4   0x0000017c   Code   RO          257    i.UARTTask          main.o
    0x08004240   0x00000010   Code   RO         3342    i.UART_DMAAbortOnError  stm32f1xx_hal_uart.o
    0x08004250   0x0000004e   Code   RO         3352    i.UART_EndRxTransfer  stm32f1xx_hal_uart.o
    0x0800429e   0x000000c2   Code   RO         3354    i.UART_Receive_IT   stm32f1xx_hal_uart.o
    0x08004360   0x000000b8   Code   RO         3355    i.UART_SetConfig    stm32f1xx_hal_uart.o
    0x08004418   0x00000036   Code   RO         3357    i.UART_Start_Receive_IT  stm32f1xx_hal_uart.o
    0x0800444e   0x00000078   Code   RO         3358    i.UART_WaitOnFlagUntilTimeout  stm32f1xx_hal_uart.o
    0x080044c6   0x00000002   PAD
    0x080044c8   0x0000000c   Code   RO          390    i.USART2_IRQHandler  stm32f1xx_it.o
    0x080044d4   0x00000002   Code   RO          391    i.UsageFault_Handler  stm32f1xx_it.o
    0x080044d6   0x00000028   Code   RO         3847    i.__ARM_fpclassify  m_ws.l(fpclassify.o)
    0x080044fe   0x00000020   Code   RO         1402    i.__NVIC_SetPriority  stm32f1xx_hal_cortex.o
    0x0800451e   0x0000000e   Code   RO         3721    i._is_digit         c_w.l(__printf_wp.o)
    0x0800452c   0x000000d4   Code   RO          258    i.main              main.o
    0x08004600   0x00000034   Code   RO          186    i.temp_convert      temp.o
    0x08004634   0x00000020   Code   RO          259    i.trans             main.o
    0x08004654   0x0000002c   Code   RO         3843    locale$$code        c_w.l(lc_numeric_c.o)
    0x08004680   0x0000002c   Code   RO         3854    locale$$code        c_w.l(lc_ctype_c.o)
    0x080046ac   0x000002b0   Code   RO         3749    x$fpl$ddiv          fz_ws.l(ddiv.o)
    0x0800495c   0x00000026   Code   RO         3752    x$fpl$dfltu         fz_ws.l(dflt_clz.o)
    0x08004982   0x00000002   PAD
    0x08004984   0x00000154   Code   RO         3758    x$fpl$dmul          fz_ws.l(dmul.o)
    0x08004ad8   0x0000009c   Code   RO         3779    x$fpl$dnaninf       fz_ws.l(dnaninf.o)
    0x08004b74   0x0000000c   Code   RO         3781    x$fpl$dretinf       fz_ws.l(dretinf.o)
    0x08004b80   0x00000004   Code   RO         3760    x$fpl$printf1       fz_ws.l(printf1.o)
    0x08004b84   0x00000000   Code   RO         3783    x$fpl$usenofp       fz_ws.l(usenofp.o)
    0x08004b84   0x00000014   Data   RO          261    .constdata          main.o
    0x08004b98   0x00000012   Data   RO         1100    .constdata          stm32f1xx_hal_rcc.o
    0x08004baa   0x00000010   Data   RO         3664    .constdata          system_stm32f1xx.o
    0x08004bba   0x00000008   Data   RO         3665    .constdata          system_stm32f1xx.o
    0x08004bc2   0x00000002   PAD
    0x08004bc4   0x00000094   Data   RO         3818    .constdata          c_w.l(bigflt0.o)
    0x08004c58   0x00000020   Data   RO         3988    Region$$Table       anon$$obj.o
    0x08004c78   0x0000001c   Data   RO         3842    locale$$data        c_w.l(lc_numeric_c.o)
    0x08004c94   0x00000110   Data   RO         3853    locale$$data        c_w.l(lc_ctype_c.o)


    Execution Region RW_IRAM1 (Base: 0x20000000, Size: 0x00000890, Max: 0x00005000, ABSOLUTE)

    Base Addr    Size         Type   Attr      Idx    E Section Name        Object

    0x20000000   0x00000030   Data   RW          262    .data               main.o
    0x20000030   0x0000000c   Data   RW          937    .data               stm32f1xx_hal.o
    0x2000003c   0x00000004   Data   RW         3666    .data               system_stm32f1xx.o
    0x20000040   0x000001a4   Zero   RW          260    .bss                main.o
    0x200001e4   0x00000048   Zero   RW          564    .bss                stm32f1xx_hal_timebase_tim.o
    0x2000022c   0x00000060   Zero   RW         3785    .bss                c_w.l(libspace.o)
    0x2000028c   0x00000004   PAD
    0x20000290   0x00000200   Zero   RW            2    HEAP                startup_stm32f103xb.o
    0x20000490   0x00000400   Zero   RW            1    STACK               startup_stm32f103xb.o


==============================================================================

Image component sizes


      Code (inc. data)   RO Data    RW Data    ZI Data      Debug   Object Name

      1396          0          0          0          0       1731   humd.o
       336         22          0          0          0     458983   lcd_i2c.o
      1868        270         20         48        420      11474   main.o
        64         26        236          0       1536        812   startup_stm32f103xb.o
       100         18          0         12          0       5242   stm32f1xx_hal.o
      1240         44          0          0          0       7533   stm32f1xx_hal_adc.o
         2          0          0          0          0       1057   stm32f1xx_hal_adc_ex.o
       158         14          0          0          0      28178   stm32f1xx_hal_cortex.o
       222          4          0          0          0       1771   stm32f1xx_hal_dma.o
       514         40          0          0          0       3487   stm32f1xx_hal_gpio.o
      1398         32          0          0          0       9109   stm32f1xx_hal_i2c.o
       504         58          0          0          0       3640   stm32f1xx_hal_msp.o
      1304         94         18          0          0       5741   stm32f1xx_hal_rcc.o
       236         12          0          0          0       1380   stm32f1xx_hal_rcc_ex.o
      1058         40          0          0          0      10406   stm32f1xx_hal_tim.o
       108         12          0          0          0       2401   stm32f1xx_hal_tim_ex.o
       152         20          0          0         72       1475   stm32f1xx_hal_timebase_tim.o
      1554         10          0          0          0      10896   stm32f1xx_hal_uart.o
        86         30          0          0          0       6467   stm32f1xx_it.o
         2          0         24          4          0       1119   system_stm32f1xx.o
        52         16          0          0          0        535   temp.o

    ----------------------------------------------------------------------
     12386        762        332         64       2028     573437   Object Totals
         0          0         32          0          0          0   (incl. Generated)
        32          0          2          0          0          0   (incl. Padding)

    ----------------------------------------------------------------------

      Code (inc. data)   RO Data    RW Data    ZI Data      Debug   Library Member Name

         8          0          0          0          0         68   __main.o
       352          0          0          0          0         88   __printf_ss_wp.o
        14          0          0          0          0         68   __printf_wp.o
         0          0          0          0          0          0   __rtentry.o
        12          0          0          0          0          0   __rtentry2.o
         6          0          0          0          0          0   __rtentry4.o
        52          8          0          0          0          0   __scatter.o
        26          0          0          0          0          0   __scatter_copy.o
        28          0          0          0          0          0   __scatter_zi.o
        28          0          0          0          0         68   _chval.o
        48          6          0          0          0         96   _printf_char_common.o
         6          0          0          0          0          0   _printf_d.o
       120         16          0          0          0         92   _printf_dec.o
         6          0          0          0          0          0   _printf_f.o
      1050          0          0          0          0        216   _printf_fp_dec.o
       128         16          0          0          0         84   _printf_fp_infnan.o
       178          0          0          0          0         88   _printf_intcommon.o
        78          0          0          0          0        108   _printf_pad.o
         0          0          0          0          0          0   _printf_percent.o
         4          0          0          0          0          0   _printf_percent_end.o
        10          0          0          0          0         68   _sputc.o
       158          0          0          0          0         92   _strtoul.o
        26          0          0          0          0         80   atoi.o
       220          4        148          0          0         96   bigflt0.o
      1910        128          0          0          0        672   btod.o
        18          0          0          0          0         80   exit.o
         6          0          0          0          0        152   heapauxi.o
         0          0          0          0          0          0   indicate_semi.o
        44         10        272          0          0         76   lc_ctype_c.o
        44         10         28          0          0         76   lc_numeric_c.o
         2          0          0          0          0          0   libinit.o
        30          0          0          0          0          0   libinit2.o
         2          0          0          0          0          0   libshutdown.o
         2          0          0          0          0          0   libshutdown2.o
         8          4          0          0         96         68   libspace.o
       138          0          0          0          0         80   lludiv10.o
        40          6          0          0          0         84   noretval__2sprintf.o
        16          4          0          0          0         76   rt_ctype_table.o
         8          4          0          0          0         68   rt_errno_addr_intlibspace.o
         8          4          0          0          0         68   rt_locale_intlibspace.o
        78          0          0          0          0         80   rt_memclr_w.o
       100          0          0          0          0         80   rt_memcpy_w.o
         2          0          0          0          0          0   rtexit.o
        10          0          0          0          0          0   rtexit2.o
       128          0          0          0          0         68   strcmpv7m.o
        62          0          0          0          0         76   strlen.o
       112          0          0          0          0         88   strtol.o
        12          4          0          0          0         68   sys_exit.o
        74          0          0          0          0         80   sys_stackheap_outer.o
         2          0          0          0          0         68   use_no_semi.o
       688        140          0          0          0        208   ddiv.o
        38          0          0          0          0         68   dflt_clz.o
       340         12          0          0          0        104   dmul.o
       156          4          0          0          0         92   dnaninf.o
        12          0          0          0          0         68   dretinf.o
         4          0          0          0          0         68   printf1.o
         0          0          0          0          0          0   usenofp.o
        40          0          0          0          0         68   fpclassify.o

    ----------------------------------------------------------------------
      6710        380        448          0        100       4096   Library Totals
        18          0          0          0          4          0   (incl. Padding)

    ----------------------------------------------------------------------

      Code (inc. data)   RO Data    RW Data    ZI Data      Debug   Library Name

      5414        224        448          0         96       3420   c_w.l
      1238        156          0          0          0        608   fz_ws.l
        40          0          0          0          0         68   m_ws.l

    ----------------------------------------------------------------------
      6710        380        448          0        100       4096   Library Totals

    ----------------------------------------------------------------------

==============================================================================


      Code (inc. data)   RO Data    RW Data    ZI Data      Debug   

     19096       1142        780         64       2128     569521   Grand Totals
     19096       1142        780         64       2128     569521   ELF Image Totals
     19096       1142        780         64          0          0   ROM Totals

==============================================================================

    Total RO  Size (Code + RO Data)                19876 (  19.41kB)
    Total RW  Size (RW Data + ZI Data)              2192 (   2.14kB)
    Total ROM Size (Code + RO Data + RW Data)      19940 (  19.47kB)

==============================================================================

